 testsignal

 Timestamp is 64a6d439 (Thu Jul  6 15:48:25 2023)

 Preferred load address is 00400000

 Start         Length     Name                   Class
 0001:00000000 00008cd0H .text                   CODE
 0001:00008cd0 0000ea28H .text$mn                CODE
 0001:000176f8 00000000H .text$x                 CODE
 0002:00000000 00000118H .idata$5                DATA
 0002:00000118 00000004H .00cfg                  DATA
 0002:0000011c 00000004H .CRT$XCA                DATA
 0002:00000120 00000004H .CRT$XCAA               DATA
 0002:00000124 00000004H .CRT$XCZ                DATA
 0002:00000128 00000004H .CRT$XIA                DATA
 0002:0000012c 00000004H .CRT$XIAA               DATA
 0002:00000130 00000004H .CRT$XIAC               DATA
 0002:00000134 00000010H .CRT$XIC                DATA
 0002:00000144 00000004H .CRT$XIZ                DATA
 0002:00000148 00000004H .CRT$XPA                DATA
 0002:0000014c 00000008H .CRT$XPX                DATA
 0002:00000154 00000004H .CRT$XPXA               DATA
 0002:00000158 00000004H .CRT$XPZ                DATA
 0002:0000015c 00000004H .CRT$XTA                DATA
 0002:00000160 00000010H .CRT$XTZ                DATA
 0002:00000164 00000000H .gfids$y                DATA
 0002:00000170 00005a90H .rdata                  DATA
 0002:00005c00 00000000H .rdata$CastGuardVftablesA DATA
 0002:00005c00 00000000H .rdata$CastGuardVftablesC DATA
 0002:00005c00 00000000H .rdata$r                DATA
 0002:00005c00 000002acH .rdata$zzzdbg           DATA
 0002:00005eac 00000004H .rtc$IAA                DATA
 0002:00005eb0 00000004H .rtc$IZZ                DATA
 0002:00005eb4 00000004H .rtc$TAA                DATA
 0002:00005eb8 00000008H .rtc$TZZ                DATA
 0002:00005ec0 0000059cH .xdata$x                DATA
 0002:0000645c 00000000H .edata                  DATA
 0002:0000645c 00000014H .idata$2                DATA
 0002:00006470 00000014H .idata$3                DATA
 0002:00006484 00000118H .idata$4                DATA
 0002:0000659c 00000504H .idata$6                DATA
 0003:00000000 00001fb0H .data                   DATA
 0003:00001fb0 00000000H .data$r                 DATA
 0003:00001fb0 00000000H .data$rs                DATA
 0003:00001fb0 00000a3cH .bss                    DATA
 0004:00000000 00000100H _ITRAP$B                DATA
 0004:00000100 00001280H _ITRAP$D                DATA
 0004:00001380 00000020H _ITRAP$F                DATA
 0005:00000000 000002e0H _SWTAB                  DATA

  Address         Publics by Value              Rva+Base       Lib:Object

 0000:00000000       ___guard_eh_cont_table     00000000     <absolute>
 0000:00000000       ___guard_fids_count        00000000     <absolute>
 0000:00000000       __except_list              00000000     <absolute>
 0000:00000000       ___safe_se_handler_table   00000000     <absolute>
 0000:00000000       ___arm64x_native_entrypoint 00000000     <absolute>
 0000:00000000       ___x64_code_ranges_to_entry_points_count 00000000     <absolute>
 0000:00000000       ___guard_longjmp_table     00000000     <absolute>
 0000:00000000       ___volatile_metadata       00000000     <absolute>
 0000:00000000       ___arm64x_extra_rfe_table  00000000     <absolute>
 0000:00000000       ___arm64x_redirection_metadata 00000000     <absolute>
 0000:00000000       ___guard_eh_cont_count     00000000     <absolute>
 0000:00000000       ___guard_iat_table         00000000     <absolute>
 0000:00000000       ___hybrid_code_map_count   00000000     <absolute>
 0000:00000000       ___x64_code_ranges_to_entry_points 00000000     <absolute>
 0000:00000000       ___guard_iat_count         00000000     <absolute>
 0000:00000000       ___safe_se_handler_count   00000000     <absolute>
 0000:00000000       ___hybrid_code_map         00000000     <absolute>
 0000:00000000       ___guard_longjmp_count     00000000     <absolute>
 0000:00000000       ___arm64x_extra_rfe_table_size 00000000     <absolute>
 0000:00000000       ___guard_check_icall_a64n_fptr 00000000     <absolute>
 0000:00000000       ___arm64x_redirection_metadata_count 00000000     <absolute>
 0000:00000000       ___hybrid_auxiliary_iat_copy 00000000     <absolute>
 0000:00000000       ___hybrid_auxiliary_iat    00000000     <absolute>
 0000:00000000       ___dynamic_value_reloc_table 00000000     <absolute>
 0000:00000000       ___enclave_config          00000000     <absolute>
 0000:00000000       ___AbsoluteZero            00000000     <absolute>
 0000:00000000       ___guard_fids_table        00000000     <absolute>
 0000:00000100       ___guard_flags             00000100     <absolute>
 0000:00000000       ___ImageBase               00400000     <linker-defined>
 0001:00000000       _main                      00401000 f   imprtl-main.obj
 0001:0000055e       _GETENVIRONMENT            0040155e f   imprtl-main.obj
 0001:00000569       _GETARGUMENTS              00401569 f   imprtl-main.obj
 0001:00000a20       __impmain                  00401a20 f   testsignal.obj
 0001:000017d0       _IMPSTRCAT                 004027d0 f   libi77:impcore-strutils.obj
 0001:00001883       _IMPSTRCMP                 00402883 f   libi77:impcore-strutils.obj
 0001:00001927       _IMPSTRCPY                 00402927 f   libi77:impcore-strutils.obj
 0001:000019c7       _IMPSTRJAM                 004029c7 f   libi77:impcore-strutils.obj
 0001:00001a53       _IMPSTRJCAT                00402a53 f   libi77:impcore-strutils.obj
 0001:00001af5       _IMPSTRRES                 00402af5 f   libi77:impcore-strutils.obj
 0001:00001d16       _IMPSTOP                   00402d16 f   libi77:impcore-signal.obj
 0001:00001d26       _IMPSIGNAL                 00402d26 f   libi77:impcore-signal.obj
 0001:00001ec0       _EVENT                     00402ec0 f   libi77:imprtl-event.obj
 0001:00001ecb       _SAVEEVENT                 00402ecb f   libi77:imprtl-event.obj
 0001:0000319a       _MESSAGEFORMATA            0040419a f   libi77:imprtl-event.obj
 0001:0000350b       _MESSAGEFORMATB            0040450b f   libi77:imprtl-event.obj
 0001:00003640       _SETDEBUG                  00404640 f   libi77:implib-debug.obj
 0001:00003650       _CLEARDEBUG                00404650 f   libi77:implib-debug.obj
 0001:00003660       _DEBUGMODE                 00404660 f   libi77:implib-debug.obj
 0001:0000366b       _SETDEBUGLEVEL             0040466b f   libi77:implib-debug.obj
 0001:0000367a       _DEBUGSPACE                0040467a f   libi77:implib-debug.obj
 0001:0000368a       _DEBUGSPACES               0040468a f   libi77:implib-debug.obj
 0001:000036ba       _DEBUGSTRING               004046ba f   libi77:implib-debug.obj
 0001:000036f3       _DEBUGREAL                 004046f3 f   libi77:implib-debug.obj
 0001:00003740       _DEBUGNEWLINE              00404740 f   libi77:implib-debug.obj
 0001:00003750       _NEWLINE                   00404750 f   libi77:implib-strings.obj
 0001:00003760       _SPACE                     00404760 f   libi77:implib-strings.obj
 0001:00003770       _NEWLINES                  00404770 f   libi77:implib-strings.obj
 0001:0000378f       _SPACES                    0040478f f   libi77:implib-strings.obj
 0001:000037ae       _PRINTSTRING               004047ae f   libi77:implib-strings.obj
 0001:000037ed       _SUBSTRING                 004047ed f   libi77:implib-strings.obj
 0001:000038cf       _TOLOWER                   004048cf f   libi77:implib-strings.obj
 0001:0000391b       _TOUPPER                   0040491b f   libi77:implib-strings.obj
 0001:00003967       _TRIM                      00404967 f   libi77:implib-strings.obj
 0001:000039ba       _INT2HEX                   004049ba f   libi77:implib-strings.obj
 0001:00003a6c       _SHORT2BIN                 00404a6c f   libi77:implib-strings.obj
 0001:00003ae3       _INT2BIN                   00404ae3 f   libi77:implib-strings.obj
 0001:00003b4a       _INT2ASCII                 00404b4a f   libi77:implib-strings.obj
 0001:00003d2e       _FORMATNUMBER              00404d2e f   libi77:implib-strings.obj
 0001:00003e6c       _ITOS                      00404e6c f   libi77:implib-strings.obj
 0001:00003ebc       _WRITE                     00404ebc f   libi77:implib-strings.obj
 0001:00003fdf       _FTOS                      00404fdf f   libi77:implib-strings.obj
 0001:000048a5       _FTOSP                     004058a5 f   libi77:implib-strings.obj
 0001:00004ea9       _PRINTREAL                 00405ea9 f   libi77:implib-strings.obj
 0001:00004ef6       _PRINT                     00405ef6 f   libi77:implib-strings.obj
 0001:000050d8       _INTPT                     004060d8 f   libi77:implib-strings.obj
 0001:00005130       _GETENVCOUNT               00406130 f   libi77:implib-env.obj
 0001:0000515f       _GETENVNAME                0040615f f   libi77:implib-env.obj
 0001:00005277       _GETENV                    00406277 f   libi77:implib-env.obj
 0001:0000538d       _GETENVINDEX               0040638d f   libi77:implib-env.obj
 0001:00005403       _GETENVASINTEGER           00406403 f   libi77:implib-env.obj
 0001:00005500       _GETARGCOUNT               00406500 f   libi77:implib-arg.obj
 0001:0000552f       _GETARG                    0040652f f   libi77:implib-arg.obj
 0001:00005610       _EXIT                      00406610 f   libi77:imprtl-file.obj
 0001:00005621       _GETERROR                  00406621 f   libi77:imprtl-file.obj
 0001:0000562c       _GETSTDERRHANDLE           0040662c f   libi77:imprtl-file.obj
 0001:00005637       _GETSTDINHANDLE            00406637 f   libi77:imprtl-file.obj
 0001:00005642       _GETSTDOUTHANDLE           00406642 f   libi77:imprtl-file.obj
 0001:0000564d       _OPENFILE                  0040664d f   libi77:imprtl-file.obj
 0001:00005661       _TELL                      00406661 f   libi77:imprtl-file.obj
 0001:00005672       _FILEREWIND                00406672 f   libi77:imprtl-file.obj
 0001:00005683       _FILESEEK                  00406683 f   libi77:imprtl-file.obj
 0001:0000569a       _CLOSE                     0040669a f   libi77:imprtl-file.obj
 0001:000056ab       _READBYTES                 004066ab f   libi77:imprtl-file.obj
 0001:000056c5       _WRITEBYTES                004066c5 f   libi77:imprtl-file.obj
 0001:000056df       _FILEEND                   004066df f   libi77:imprtl-file.obj
 0001:00005703       _GETCHAR                   00406703 f   libi77:imprtl-file.obj
 0001:00005714       _PUTCHAR                   00406714 f   libi77:imprtl-file.obj
 0001:00005728       _FLUSH                     00406728 f   libi77:imprtl-file.obj
 0001:00005740       _ALLOWEOFEVENT             00406740 f   libi77:imprtl-io.obj
 0001:00005750       _BLOCKEOFEVENT             00406750 f   libi77:imprtl-io.obj
 0001:000057b9       _NEEDTOINITIALISE          004067b9 f   libi77:imprtl-io.obj
 0001:000058c2       _PROMPT                    004068c2 f   libi77:imprtl-io.obj
 0001:000059c3       _READBUFFER                004069c3 f   libi77:imprtl-io.obj
 0001:00005d96       _INPUTSTREAM               00406d96 f   libi77:imprtl-io.obj
 0001:00005db2       _RESETINPUT                00406db2 f   libi77:imprtl-io.obj
 0001:00005e58       _SEEKINPUT                 00406e58 f   libi77:imprtl-io.obj
 0001:00005f15       _TELLINPUT                 00406f15 f   libi77:imprtl-io.obj
 0001:00005fbb       _INPUTNAME                 00406fbb f   libi77:imprtl-io.obj
 0001:00006083       _SELECTINPUT               00407083 f   libi77:imprtl-io.obj
 0001:0000611a       _CLOSEINPUT                0040711a f   libi77:imprtl-io.obj
 0001:0000618e       _OPENINPUT                 0040718e f   libi77:imprtl-io.obj
 0001:000064b8       _OPENBINARYINPUT           004074b8 f   libi77:imprtl-io.obj
 0001:000067e2       _NEXTSYMBOL                004077e2 f   libi77:imprtl-io.obj
 0001:00006972       _READSYMBOL                00407972 f   libi77:imprtl-io.obj
 0001:000069ff       _SKIPSYMBOL                004079ff f   libi77:imprtl-io.obj
 0001:00006b3c       _DEBUGSYMBOL               00407b3c f   libi77:imprtl-io.obj
 0001:00006b70       _WRITEBUFFER               00407b70 f   libi77:imprtl-io.obj
 0001:00006edd       _OUTPUTSTREAM              00407edd f   libi77:imprtl-io.obj
 0001:00006ef9       _RESETOUTPUT               00407ef9 f   libi77:imprtl-io.obj
 0001:00006f9f       _SEEKOUTPUT                00407f9f f   libi77:imprtl-io.obj
 0001:0000705c       _TELLOUTPUT                0040805c f   libi77:imprtl-io.obj
 0001:00007102       _OUTPUTNAME                00408102 f   libi77:imprtl-io.obj
 0001:000071af       _SELECTOUTPUT              004081af f   libi77:imprtl-io.obj
 0001:00007246       _CLOSEOUTPUT               00408246 f   libi77:imprtl-io.obj
 0001:000072ba       _OPENOUTPUT                004082ba f   libi77:imprtl-io.obj
 0001:000075c6       _OPENBINARYOUTPUT          004085c6 f   libi77:imprtl-io.obj
 0001:000078d2       _FLUSHOUTPUT               004088d2 f   libi77:imprtl-io.obj
 0001:0000797b       _PRINTSYMBOL               0040897b f   libi77:imprtl-io.obj
 0001:00007a46       _INITIALISEIOSYSTEM        00408a46 f   libi77:imprtl-io.obj
 0001:00007a83       _TERMINATEIOSYSTEM         00408a83 f   libi77:imprtl-io.obj
 0001:00007e1d       _SPLITIOLIST               00408e1d f   libi77:imprtl-io.obj
 0001:00008524       _DUMPALLTRAPINFO           00409524 f   libi77:imprtl-trap.obj
 0001:000085a0       _HANDLERFOUND              004095a0 f   libi77:imprtl-trap.obj
 0001:0000864f       _INITIALENTRYFOUND         0040964f f   libi77:imprtl-trap.obj
 0001:000086d1       _HANDLERNAME               004096d1 f   libi77:imprtl-trap.obj
 0001:00008706       _HANDLERENTRYADDRESS       00409706 f   libi77:imprtl-trap.obj
 0001:00008720       _ARRAYENTRYSIZE            00409720 f   libi77:impcore-arrayutils.obj
 0001:00008762       _ARRAYENTRYTYPE            00409762 f   libi77:impcore-arrayutils.obj
 0001:000087a8       _ARRAYDIMENSIONS           004097a8 f   libi77:impcore-arrayutils.obj
 0001:000087d1       _ARRAYLOWERBOUND           004097d1 f   libi77:impcore-arrayutils.obj
 0001:00008866       _ARRAYUPPERBOUND           00409866 f   libi77:impcore-arrayutils.obj
 0001:000088fb       _IMPADEF                   004098fb f   libi77:impcore-arrayutils.obj
 0001:000089e9       _IMPAREF                   004099e9 f   libi77:impcore-arrayutils.obj
 0001:00008aeb       _TYPEOF                    00409aeb f   libi77:impcore-arrayutils.obj
 0001:00008b11       _SIZEOF                    00409b11 f   libi77:impcore-arrayutils.obj
 0001:00008be0       _IMPCHECK1                 00409be0 f   libi77:imprtl-check.obj
 0001:00008c30       _IMPCHECK2                 00409c30 f   libi77:imprtl-check.obj
 0001:00008c8a       _IMPCHECK3                 00409c8a f   libi77:imprtl-check.obj
 0001:00008cd0       _geterrno                  00409cd0 f   libi77:prim-rtl-file.obj
 0001:00008ce0       _getstderr                 00409ce0 f   libi77:prim-rtl-file.obj
 0001:00008cf0       _getstdin                  00409cf0 f   libi77:prim-rtl-file.obj
 0001:00008d00       _getstdout                 00409d00 f   libi77:prim-rtl-file.obj
 0001:00008f56       _mainCRTStartup            00409f56 f   LIBCMT:exe_main.obj
 0001:00008fa4       ___scrt_acquire_startup_lock 00409fa4 f   LIBCMT:utility.obj
 0001:00008fd6       ___scrt_initialize_crt     00409fd6 f   LIBCMT:utility.obj
 0001:0000900f       ___scrt_initialize_onexit_tables 0040a00f f   LIBCMT:utility.obj
 0001:00009096       ___scrt_is_nonwritable_in_current_image 0040a096 f   LIBCMT:utility.obj
 0001:0000912a       ___scrt_release_startup_lock 0040a12a f   LIBCMT:utility.obj
 0001:00009147       ___scrt_uninitialize_crt   0040a147 f   LIBCMT:utility.obj
 0001:0000916f       __onexit                   0040a16f f   LIBCMT:utility.obj
 0001:0000919c       _atexit                    0040a19c f   LIBCMT:utility.obj
 0001:000091fe       ___security_init_cookie    0040a1fe f   LIBCMT:gs_support.obj
 0001:00009249       __get_startup_new_mode     0040a249 f   LIBCMT:new_mode.obj
 0001:00009249       __get_startup_commit_mode  0040a249 f   LIBCMT:commit_mode.obj
 0001:00009249       ___scrt_exe_initialize_mta 0040a249 f   LIBCMT:utility_desktop.obj
 0001:00009249       __matherr                  0040a249 f   LIBCMT:matherr.obj
 0001:00009249       __get_startup_thread_locale_mode 0040a249 f   LIBCMT:thread_locale.obj
 0001:00009249       ___scrt_initialize_winrt   0040a249 f   LIBCMT:utility_desktop.obj
 0001:00009249       ___scrt_stub_for_initialize_mta 0040a249 f   LIBCMT:utility_desktop.obj
 0001:0000924c       __get_startup_argv_mode    0040a24c f   LIBCMT:argv_mode.obj
 0001:00009250       __get_startup_file_mode    0040a250 f   LIBCMT:file_mode.obj
 0001:00009256       ?__scrt_initialize_type_info@@YAXXZ 0040a256 f   LIBCMT:tncleanup.obj
 0001:00009262       ___acrt_uninitialize_command_line 0040a262 f   libucrt:argv_data.obj
 0001:00009262       __should_initialize_environment 0040a262 f   LIBCMT:env_mode.obj
 0001:00009265       __initialize_default_precision 0040a265 f   LIBCMT:default_precision.obj
 0001:00009286       @_guard_check_icall_nop@4  0040a286 f   LIBCMT:guard_support.obj
 0001:00009286       __initialize_invalid_parameter_handler 0040a286 f   LIBCMT:invalid_parameter_handler.obj
 0001:00009286       __initialize_denormal_control 0040a286 f   LIBCMT:denormal_control.obj
 0001:00009289       ___local_stdio_printf_options 0040a289 f i LIBCMT:default_local_stdio_options.obj
 0001:0000928f       ___local_stdio_scanf_options 0040a28f f i LIBCMT:default_local_stdio_options.obj
 0001:00009295       ___scrt_initialize_default_local_stdio_options 0040a295 f   LIBCMT:default_local_stdio_options.obj
 0001:000092b2       ___scrt_is_user_matherr_present 0040a2b2 f   LIBCMT:matherr_detection.obj
 0001:000092be       ___scrt_get_dyn_tls_init_callback 0040a2be f   LIBCMT:dyn_tls_init.obj
 0001:000092c4       ___scrt_get_dyn_tls_dtor_callback 0040a2c4 f   LIBCMT:dyn_tls_dtor.obj
 0001:000092ca       ___scrt_fastfail           0040a2ca f   LIBCMT:utility_desktop.obj
 0001:000093e5       ___scrt_initialize_mta     0040a3e5 f   LIBCMT:utility_desktop.obj
 0001:000093ea       ___scrt_is_managed_app     0040a3ea f   LIBCMT:utility_desktop.obj
 0001:0000942d       ___scrt_set_unhandled_exception_filter 0040a42d f   LIBCMT:utility_desktop.obj
 0001:00009439       ___scrt_unhandled_exception_filter@4 0040a439 f   LIBCMT:utility_desktop.obj
 0001:0000948f       __crt_debugger_hook        0040a48f f   LIBCMT:utility_desktop.obj
 0001:00009497       __RTC_Initialize           0040a497 f   LIBCMT:initsect.obj
 0001:000094c3       __RTC_Terminate            0040a4c3 f   LIBCMT:initsect.obj
 0001:000094f0       __SEH_prolog4              0040a4f0 f   LIBCMT:sehprolg4.obj
 0001:00009536       ___isa_available_init      0040a536 f   LIBCMT:cpu_disp.obj
 0001:00009707       ___scrt_is_ucrt_dll_in_use 0040a707 f   LIBCMT:ucrt_detection.obj
 0001:00009713       @__security_check_cookie@4 0040a713 f   LIBCMT:secchk.obj
 0001:00009724       ___raise_securityfailure   0040a724 f   LIBCMT:gs_report.obj
 0001:0000974c       ___report_gsfailure        0040a74c f   LIBCMT:gs_report.obj
 0001:00009890       __except_handler4          0040a890 f   libvcruntime:chandler4.obj
 0001:000099ee       ___vcrt_initialize         0040a9ee f   libvcruntime:initialization.obj
 0001:00009a0d       ___vcrt_uninitialize       0040aa0d f   libvcruntime:initialization.obj
 0001:00009a24       ___DestructExceptionObject 0040aa24 f   libvcruntime:ehhelpers.obj
 0001:00009ac5       ?_CallMemberFunction0@@YGXQAX0@Z 0040aac5 f i libvcruntime:ehhelpers.obj
 0001:00009b2a       ___current_exception       0040ab2a f   libvcruntime:ehhelpers.obj
 0001:00009b33       ___current_exception_context 0040ab33 f   libvcruntime:ehhelpers.obj
 0001:00009b40       _memset                    0040ab40 f   libvcruntime:memset.obj
 0001:00009ca0       __local_unwind4            0040aca0 f   libvcruntime:exsup4.obj
 0001:00009d90       @_EH4_CallFilterFunc@8     0040ad90 f   libvcruntime:exsup4.obj
 0001:00009db0       @_EH4_TransferToHandler@8  0040adb0 f   libvcruntime:exsup4.obj
 0001:00009dd0       @_EH4_GlobalUnwind2@8      0040add0 f   libvcruntime:exsup4.obj
 0001:00009df0       @_EH4_LocalUnwind@16       0040adf0 f   libvcruntime:exsup4.obj
 0001:00009e07       ___except_validate_context_record 0040ae07 f   libvcruntime:jbcxrval.obj
 0001:00009e37       ___vcrt_freefls@4          0040ae37 f   libvcruntime:per_thread_data.obj
 0001:00009e53       ___vcrt_getptd             0040ae53 f   libvcruntime:per_thread_data.obj
 0001:00009e61       ___vcrt_getptd_noexit      0040ae61 f   libvcruntime:per_thread_data.obj
 0001:00009ef3       ___vcrt_initialize_ptd     0040aef3 f   libvcruntime:per_thread_data.obj
 0001:00009f26       ___vcrt_uninitialize_ptd   0040af26 f   libvcruntime:per_thread_data.obj
 0001:00009f41       ___vcrt_initialize_locks   0040af41 f   libvcruntime:locks.obj
 0001:00009f7d       ___vcrt_uninitialize_locks 0040af7d f   libvcruntime:locks.obj
 0001:00009fb0       __NLG_Notify               0040afb0 f   libvcruntime:exsup.obj
 0001:00009fc7       __NLG_Dispatch2            0040afc7     libvcruntime:exsup.obj
 0001:00009fc7       __NLG_Dispatch             0040afc7     libvcruntime:exsup.obj
 0001:00009fd0       __NLG_Call                 0040afd0 f   libvcruntime:exsup.obj
 0001:00009fd2       __NLG_Return2              0040afd2     libvcruntime:exsup.obj
 0001:0000a0b6       ___vcrt_FlsAlloc           0040b0b6 f   libvcruntime:winapi_downlevel.obj
 0001:0000a0f1       ___vcrt_FlsFree            0040b0f1 f   libvcruntime:winapi_downlevel.obj
 0001:0000a12c       ___vcrt_FlsGetValue        0040b12c f   libvcruntime:winapi_downlevel.obj
 0001:0000a167       ___vcrt_FlsSetValue        0040b167 f   libvcruntime:winapi_downlevel.obj
 0001:0000a1a5       ___vcrt_InitializeCriticalSectionEx 0040b1a5 f   libvcruntime:winapi_downlevel.obj
 0001:0000a1f0       _memcpy                    0040b1f0 f   libvcruntime:memcpy.obj
 0001:0000a7bd       ??$__crt_fast_encode_pointer@PAX@@YAPAXQAX@Z 0040b7bd f i libucrt:initialization.obj
 0001:0000a7bd       ??$__crt_fast_encode_pointer@P6GXPAXK0@Z@@YAP6GXPAXK0@ZQ6GX0K0@Z@Z 0040b7bd f i libucrt:exit.obj
 0001:0000a7bd       ??$__crt_fast_encode_pointer@P6AHPAU_exception@@@Z@@YAP6AHPAU_exception@@@ZQ6AH0@Z@Z 0040b7bd f i libucrt:matherr.obj
 0001:0000a7bd       ??$__crt_fast_encode_pointer@P6AHXZ@@YAP6AHXZQ6AHXZ@Z 0040b7bd f i libucrt:onexit.obj
 0001:0000a7bd       ??$__crt_fast_encode_pointer@PAP6AXXZ@@YAPAP6AXXZQAP6AXXZ@Z 0040b7bd f i libucrt:onexit.obj
 0001:0000a9c2       ___acrt_initialize_thread_local_exit_callback 0040b9c2 f   libucrt:exit.obj
 0001:0000a9d1       __c_exit                   0040b9d1 f   libucrt:exit.obj
 0001:0000a9e0       __cexit                    0040b9e0 f   libucrt:exit.obj
 0001:0000a9ef       __exit                     0040b9ef f   libucrt:exit.obj
 0001:0000aa05       __register_thread_local_exe_atexit_callback 0040ba05 f   libucrt:exit.obj
 0001:0000aa2b       _exit                      0040ba2b f   libucrt:exit.obj
 0001:0000aaf8       _fopen                     0040baf8 f   libucrt:fopen.obj
 0001:0000b0fc       __ftelli64_nolock          0040c0fc f   libucrt:ftell.obj
 0001:0000b107       _ftell                     0040c107 f   libucrt:ftell.obj
 0001:0000b112       _rewind                    0040c112 f   libucrt:rewind.obj
 0001:0000b1df       ?LongLongSub@@YAJ_J0PA_J@Z 0040c1df f i libucrt:fseek.obj
 0001:0000b49b       _fseek                     0040c49b f   libucrt:fseek.obj
 0001:0000b4b6       __fclose_nolock            0040c4b6 f   libucrt:fclose.obj
 0001:0000b52d       _fclose                    0040c52d f   libucrt:fclose.obj
 0001:0000b5b1       __fread_nolock_s           0040c5b1 f   libucrt:fread.obj
 0001:0000b797       _fread                     0040c797 f   libucrt:fread.obj
 0001:0000b7b4       _fread_s                   0040c7b4 f   libucrt:fread.obj
 0001:0000b970       __fwrite_nolock            0040c970 f   libucrt:fwrite.obj
 0001:0000baf1       _fwrite                    0040caf1 f   libucrt:fwrite.obj
 0001:0000bb54       _feof                      0040cb54 f   libucrt:feoferr.obj
 0001:0000bb80       __fgetc_nolock             0040cb80 f   libucrt:fgetc.obj
 0001:0000bbbc       _fgetc                     0040cbbc f   libucrt:fgetc.obj
 0001:0000bcc4       __fputc_nolock             0040ccc4 f   libucrt:fputc.obj
 0001:0000bced       _fputc                     0040cced f   libucrt:fputc.obj
 0001:0000c034       ___acrt_stdio_flush_nolock 0040d034 f   libucrt:fflush.obj
 0001:0000c099       __fflush_nolock            0040d099 f   libucrt:fflush.obj
 0001:0000c0e1       __flushall                 0040d0e1 f   libucrt:fflush.obj
 0001:0000c0ea       _fflush                    0040d0ea f   libucrt:fflush.obj
 0001:0000c13f       ___acrt_initialize_stdio   0040d13f f   libucrt:_file.obj
 0001:0000c207       ___acrt_iob_func           0040d207 f   libucrt:_file.obj
 0001:0000c217       ___acrt_uninitialize_stdio 0040d217 f   libucrt:_file.obj
 0001:0000c263       __lock_file                0040d263 f   libucrt:_file.obj
 0001:0000c277       __unlock_file              0040d277 f   libucrt:_file.obj
 0001:0000c28b       ___acrt_errno_from_os_error 0040d28b f   libucrt:errno.obj
 0001:0000c2ce       ___acrt_errno_map_os_error 0040d2ce f   libucrt:errno.obj
 0001:0000c2f1       ___doserrno                0040d2f1 f   libucrt:errno.obj
 0001:0000c304       __errno                    0040d304 f   libucrt:errno.obj
 0001:0000c317       __seh_filter_exe           0040d317 f   libucrt:exception_filter.obj
 0001:0000c46f       __query_app_type           0040d46f f   libucrt:report_runtime_error.obj
 0001:0000c475       __set_app_type             0040d475 f   libucrt:report_runtime_error.obj
 0001:0000c484       ___acrt_has_user_matherr   0040d484 f   libucrt:matherr.obj
 0001:0000c49c       ___acrt_initialize_user_matherr 0040d49c f   libucrt:matherr.obj
 0001:0000c4ab       ___acrt_invoke_user_matherr 0040d4ab f   libucrt:matherr.obj
 0001:0000c4dd       ___setusermatherr          0040d4dd f   libucrt:matherr.obj
 0001:0000c79c       ___acrt_allocate_buffer_for_argv 0040d79c f   libucrt:argv_parsing.obj
 0001:0000c7eb       __configure_narrow_argv    0040d7eb f   libucrt:argv_parsing.obj
 0001:0000c9f7       ??$uninitialize@A6AXAAPAPA_W@Z@?$dual_state_global@PAPA_W@__crt_state_management@@QAEXA6AXAAPAPA_W@Z@Z 0040d9f7 f i libucrt:environment_initialization.obj
 0001:0000c9f7       ??$uninitialize@A6AXAAPAPAD@Z@?$dual_state_global@PAPAD@__crt_state_management@@QAEXA6AXAAPAPAD@Z@Z 0040d9f7 f i libucrt:environment_initialization.obj
 0001:0000ca56       ___dcrt_get_or_create_narrow_environment_nolock 0040da56 f   libucrt:environment_initialization.obj
 0001:0000ca5b       ___dcrt_uninitialize_environments_nolock 0040da5b f   libucrt:environment_initialization.obj
 0001:0000ca92       __get_initial_narrow_environment 0040da92 f   libucrt:environment_initialization.obj
 0001:0000caa6       __initialize_narrow_environment 0040daa6 f   libucrt:environment_initialization.obj
 0001:0000caab       __initterm                 0040daab f   libucrt:initterm.obj
 0001:0000caf0       __initterm_e               0040daf0 f   libucrt:initterm.obj
 0001:0000cb1e       __get_fmode                0040db1e f   libucrt:setmode.obj
 0001:0000cb4b       __set_fmode                0040db4b f   libucrt:setmode.obj
 0001:0000cb88       __setmode_nolock           0040db88 f   libucrt:setmode.obj
 0001:0000cc57       ___acrt_initialize_command_line 0040dc57 f   libucrt:argv_data.obj
 0001:0000cc70       ___p___argc                0040dc70 f   libucrt:argv_data.obj
 0001:0000cc76       ___p___argv                0040dc76 f   libucrt:argv_data.obj
 0001:0000ccea       ___acrt_locale_get_ctype_array_value 0040dcea f i libucrt:wsetlocale.obj
 0001:0000cd0c       ___acrt_set_locale_changed 0040dd0c f   libucrt:wsetlocale.obj
 0001:0000cd17       ___acrt_uninitialize_locale 0040dd17 f   libucrt:wsetlocale.obj
 0001:0000cd3e       __configthreadlocale       0040dd3e f   libucrt:wsetlocale.obj
 0001:0000cda0       __query_new_mode           0040dda0 f   libucrt:new_mode.obj
 0001:0000cda7       __set_new_mode             0040dda7 f   libucrt:new_mode.obj
 0001:0000cdd6       ___p__commode              0040ddd6 f   libucrt:ncommode.obj
 0001:0000d095       __crt_atexit               0040e095 f   libucrt:onexit.obj
 0001:0000d0ab       __execute_onexit_table     0040e0ab f   libucrt:onexit.obj
 0001:0000d0d8       __initialize_onexit_table  0040e0d8 f   libucrt:onexit.obj
 0001:0000d101       __register_onexit_function 0040e101 f   libucrt:onexit.obj
 0001:0000d22f       ___acrt_initialize         0040e22f f   libucrt:initialization.obj
 0001:0000d241       ___acrt_uninitialize       0040e241 f   libucrt:initialization.obj
 0001:0000d271       __controlfp_s              0040e271 f   libucrt:contrlfp.obj
 0001:0000d2d0       _terminate                 0040e2d0 f   libucrt:terminate.obj
 0001:0000d30c       _free                      0040e30c f   libucrt:free.obj
 0001:0000d327       _strcpy_s                  0040e327 f   libucrt:strcpy_s.obj
 0001:0000d381       _abort                     0040e381 f   libucrt:abort.obj
 0001:0000d3c5       _calloc                    0040e3c5 f   libucrt:calloc.obj
 0001:0000d3d0       ??0_LocaleUpdate@@QAE@QAU__crt_locale_pointers@@@Z 0040e3d0 f i libucrt:output.obj
 0001:0000d460       _strncmp                   0040e460 f   libucrt:strncmp.obj
 0001:0000d4d8       _wcsncmp                   0040e4d8 f   libucrt:wcsncmp.obj
 0001:0000d512       ___acrt_initialize_locks   0040e512 f   libucrt:locks.obj
 0001:0000d553       ___acrt_lock               0040e553 f   libucrt:locks.obj
 0001:0000d56a       ___acrt_uninitialize_locks 0040e56a f   libucrt:locks.obj
 0001:0000d59b       ___acrt_unlock             0040e59b f   libucrt:locks.obj
 0001:0000d5b2       ___acrt_get_process_end_policy 0040e5b2 f   libucrt:win_policies.obj
 0001:0000d5e3       ___acrt_call_reportfault   0040e5e3 f   libucrt:invalid_parameter.obj
 0001:0000d71c       ___acrt_initialize_invalid_parameter_handler 0040e71c f   libucrt:invalid_parameter.obj
 0001:0000d72b       __invalid_parameter        0040e72b f   libucrt:invalid_parameter.obj
 0001:0000d78f       __invalid_parameter_noinfo 0040e78f f   libucrt:invalid_parameter.obj
 0001:0000d79f       __invoke_watson            0040e79f f   libucrt:invalid_parameter.obj
 0001:0000d7d3       ?__acrt_stdio_allocate_stream@@YA?AV__crt_stdio_stream@@XZ 0040e7d3 f   libucrt:stream.obj
 0001:0000d83c       ?__acrt_stdio_free_stream@@YAXV__crt_stdio_stream@@@Z 0040e83c f   libucrt:stream.obj
 0001:0000d939       ??$__acrt_stdio_parse_mode@D@@YA?AU__acrt_stdio_stream_mode@@QBD@Z 0040e939 f i libucrt:openfile.obj
 0001:0000dbe6       ?__acrt_stdio_parse_mode_D@@YA_NAAU__acrt_stdio_stream_mode@@@Z 0040ebe6 f i libucrt:openfile.obj
 0001:0000dc01       ?__acrt_stdio_parse_mode_T@@YA_NAAU__acrt_stdio_stream_mode@@@Z 0040ec01 f i libucrt:openfile.obj
 0001:0000dc20       ?__acrt_stdio_parse_mode_b@@YA_NAAU__acrt_stdio_stream_mode@@@Z 0040ec20 f i libucrt:openfile.obj
 0001:0000dc40       ?__acrt_stdio_parse_mode_c@@YA_NAAU__acrt_stdio_stream_mode@@AA_N@Z 0040ec40 f i libucrt:openfile.obj
 0001:0000dc62       ?__acrt_stdio_parse_mode_n@@YA_NAAU__acrt_stdio_stream_mode@@AA_N@Z 0040ec62 f i libucrt:openfile.obj
 0001:0000dc84       ?__acrt_stdio_parse_mode_plus@@YA_NAAU__acrt_stdio_stream_mode@@AA_N@Z 0040ec84 f i libucrt:openfile.obj
 0001:0000dcba       ?__acrt_stdio_parse_mode_t@@YA_NAAU__acrt_stdio_stream_mode@@@Z 0040ecba f i libucrt:openfile.obj
 0001:0000dcda       ?__acrt_stdio_parse_mode_x@@YA_NAAU__acrt_stdio_stream_mode@@@Z 0040ecda f i libucrt:openfile.obj
 0001:0000dcfa       __openfile                 0040ecfa f   libucrt:openfile.obj
 0001:0000e058       __lseek                    0040f058 f   libucrt:lseek.obj
 0001:0000e063       __lseeki64                 0040f063 f   libucrt:lseek.obj
 0001:0000e07e       __lseeki64_nolock          0040f07e f   libucrt:lseek.obj
 0001:0000e099       __fileno                   0040f099 f   libucrt:fileno.obj
 0001:0000e595       __read                     0040f595 f   libucrt:read.obj
 0001:0000e6a9       __read_nolock              0040f6a9 f   libucrt:read.obj
 0001:0000ebc3       ___acrt_initialize_lowio   0040fbc3 f   libucrt:ioinit.obj
 0001:0000ec23       ___acrt_uninitialize_lowio 0040fc23 f   libucrt:ioinit.obj
 0001:0000ec4f       __free_base                0040fc4f f   libucrt:free_base.obj
 0001:0000ed15       __close                    0040fd15 f   libucrt:close.obj
 0001:0000eda2       __close_nolock             0040fda2 f   libucrt:close.obj
 0001:0000ee3e       ___acrt_stdio_free_buffer_nolock 0040fe3e f   libucrt:_freebuf.obj
 0001:0000f008       ___acrt_stdio_refill_and_read_narrow_nolock 00410008 f   libucrt:_filbuf.obj
 0001:0000f78e       __write                    0041078e f   libucrt:write.obj
 0001:0000f880       __write_nolock             00410880 f   libucrt:write.obj
 0001:0000fc9b       ___acrt_stdio_flush_and_write_narrow_nolock 00410c9b f   libucrt:_flsbuf.obj
 0001:0000fca6       ___acrt_should_use_temporary_buffer 00410ca6 f   libucrt:_sftbuf.obj
 0001:0000fce1       ___acrt_stdio_begin_temporary_buffering_nolock 00410ce1 f   libucrt:_sftbuf.obj
 0001:0000fd8d       ___acrt_stdio_end_temporary_buffering_nolock 00410d8d f   libucrt:_sftbuf.obj
 0001:0000fe69       __commit                   00410e69 f   libucrt:commit.obj
 0001:0000fee6       __calloc_base              00410ee6 f   libucrt:calloc_base.obj
 0001:000100f5       ___acrt_AppPolicyGetProcessTerminationMethodInternal@4 004110f5 f   libucrt:winapi_thunks.obj
 0001:00010135       ___acrt_AreFileApisANSI@0  00411135 f   libucrt:winapi_thunks.obj
 0001:00010154       ___acrt_CompareStringEx@36 00411154 f   libucrt:winapi_thunks.obj
 0001:000101b1       ___acrt_FlsAlloc@4         004111b1 f   libucrt:winapi_thunks.obj
 0001:000101f0       ___acrt_FlsFree@4          004111f0 f   libucrt:winapi_thunks.obj
 0001:0001022f       ___acrt_FlsGetValue@4      0041122f f   libucrt:winapi_thunks.obj
 0001:0001026e       ___acrt_FlsSetValue@8      0041126e f   libucrt:winapi_thunks.obj
 0001:000102b0       ___acrt_InitializeCriticalSectionEx@12 004112b0 f   libucrt:winapi_thunks.obj
 0001:000102fb       ___acrt_LCMapStringEx@36   004112fb f   libucrt:winapi_thunks.obj
 0001:00010358       ___acrt_LocaleNameToLCID@8 00411358 f   libucrt:winapi_thunks.obj
 0001:00010389       ___acrt_initialize_winapi_thunks 00411389 f   libucrt:winapi_thunks.obj
 0001:000103b4       ___acrt_uninitialize_winapi_thunks 004113b4 f   libucrt:winapi_thunks.obj
 0001:000103ea       __fcloseall                004113ea f   libucrt:closeall.obj
 0001:000107d3       ___acrt_getptd             004117d3 f   libucrt:per_thread_data.obj
 0001:00010890       ___acrt_getptd_head        00411890 f   libucrt:per_thread_data.obj
 0001:0001092a       ___acrt_getptd_noexit      0041192a f   libucrt:per_thread_data.obj
 0001:000109df       ___acrt_initialize_ptd     004119df f   libucrt:per_thread_data.obj
 0001:00010a0b       ___acrt_uninitialize_ptd   00411a0b f   libucrt:per_thread_data.obj
 0001:00010bbe       ??$__acrt_mbs_to_wcs_cp@U__crt_win32_buffer_internal_dynamic_resizing@@@@YAHQBDAAV?$__crt_win32_buffer@_WU__crt_win32_buffer_internal_dynamic_resizing@@@@I@Z 00411bbe f i libucrt:argv_wildcards.obj
 0001:000110d2       ?__acrt_get_utf8_acp_compatibility_codepage@@YAIXZ 004120d2 f i libucrt:argv_wildcards.obj
 0001:00011111       ?_deallocate@?$__crt_win32_buffer@DU__crt_win32_buffer_internal_dynamic_resizing@@@@AAEXXZ 00412111 f i libucrt:argv_wildcards.obj
 0001:00011111       ?_deallocate@?$__crt_win32_buffer@_WU__crt_win32_buffer_internal_dynamic_resizing@@@@AAEXXZ 00412111 f i libucrt:argv_wildcards.obj
 0001:0001112b       ?allocate@?$__crt_win32_buffer@DU__crt_win32_buffer_internal_dynamic_resizing@@@@QAEHI@Z 0041212b f i libucrt:argv_wildcards.obj
 0001:00011167       ?allocate@?$__crt_win32_buffer@_WU__crt_win32_buffer_internal_dynamic_resizing@@@@QAEHI@Z 00412167 f i libucrt:argv_wildcards.obj
 0001:000111a6       ?allocate@__crt_win32_buffer_internal_dynamic_resizing@@SAHQAPAXIABV__crt_win32_buffer_empty_debug_info@@@Z 004121a6 f i libucrt:argv_wildcards.obj
 0001:0001124c       ___acrt_expand_narrow_argv_wildcards 0041224c f   libucrt:argv_wildcards.obj
 0001:0001131e       ?allocate@?$__crt_win32_buffer@DU__crt_win32_buffer_no_resizing@@@@QAEHI@Z 0041231e f i libucrt:getmodulefilenamea.obj
 0001:00011345       ?set_to_nullptr@?$__crt_win32_buffer@DU__crt_win32_buffer_no_resizing@@@@QAEXXZ 00412345 f i libucrt:getmodulefilenamea.obj
 0001:00011359       ___acrt_GetModuleFileNameA 00412359 f   libucrt:getmodulefilenamea.obj
 0001:00011912       ___acrt_initialize_multibyte 00412912 f   libucrt:mbctype.obj
 0001:0001195a       ___acrt_update_thread_multibyte_data 0041295a f   libucrt:mbctype.obj
 0001:0001196d       __setmbcp_nolock           0041296d f   libucrt:mbctype.obj
 0001:00011bb7       __ismbblead                00412bb7 f   libucrt:ismbbyte.obj
 0001:00011bcf       ___acrt_MultiByteToWideChar 00412bcf f   libucrt:multibytetowidechar.obj
 0001:00011c4b       ___acrt_WideCharToMultiByte 00412c4b f   libucrt:widechartomultibyte.obj
 0001:00011d39       ___dcrt_get_narrow_environment_from_os 00412d39 f   libucrt:get_environment_from_os.obj
 0001:0001211a       ___dcrt_set_variable_in_narrow_environment_nolock 0041311a f   libucrt:setenv.obj
 0001:00012125       ___acrt_lowio_create_handle_array 00413125 f   libucrt:osfinfo.obj
 0001:000121a0       ___acrt_lowio_destroy_handle_array 004131a0 f   libucrt:osfinfo.obj
 0001:000121d5       ___acrt_lowio_ensure_fh_exists 004131d5 f   libucrt:osfinfo.obj
 0001:00012273       ___acrt_lowio_lock_fh      00413273 f   libucrt:osfinfo.obj
 0001:00012296       ___acrt_lowio_set_os_handle 00413296 f   libucrt:osfinfo.obj
 0001:00012328       ___acrt_lowio_unlock_fh    00413328 f   libucrt:osfinfo.obj
 0001:0001234b       __alloc_osfhnd             0041334b f   libucrt:osfinfo.obj
 0001:0001245e       __free_osfhnd              0041345e f   libucrt:osfinfo.obj
 0001:000124ef       __get_osfhandle            004134ef f   libucrt:osfinfo.obj
 0001:00012559       ___acrt_initialize_fmode   00413559 f   libucrt:txtmode.obj
 0001:0001256f       ___acrt_locale_free_monetary 0041356f f   libucrt:initmon.obj
 0001:0001266d       ___acrt_locale_free_numeric 0041366d f   libucrt:initnum.obj
 0001:0001270e       ___acrt_locale_free_time   0041370e f   libucrt:inittime.obj
 0001:000127f2       ___pctype_func             004137f2 f   libucrt:ctype.obj
 0001:00012816       __malloc_base              00413816 f   libucrt:malloc_base.obj
 0001:00012864       ___acrt_GetStringTypeA     00413864 f   libucrt:getstringtypea.obj
 0001:00012967       __freea_crt                00413967 f i libucrt:getstringtypea.obj
 0001:00012987       ___acrt_add_locale_ref     00413987 f   libucrt:locale_refcounting.obj
 0001:00012a04       ___acrt_free_locale        00413a04 f   libucrt:locale_refcounting.obj
 0001:00012b4c       ___acrt_locale_add_lc_time_reference 00413b4c f   libucrt:locale_refcounting.obj
 0001:00012b75       ___acrt_locale_free_lc_time_if_unreferenced 00413b75 f   libucrt:locale_refcounting.obj
 0001:00012ba6       ___acrt_locale_release_lc_time_reference 00413ba6 f   libucrt:locale_refcounting.obj
 0001:00012bcf       ___acrt_release_locale_ref 00413bcf f   libucrt:locale_refcounting.obj
 0001:00012c50       ___acrt_update_thread_locale_data 00413c50 f   libucrt:locale_refcounting.obj
 0001:00012cd1       __updatetlocinfoEx_nolock  00413cd1 f   libucrt:locale_refcounting.obj
 0001:00012d21       __recalloc_base            00413d21 f   libucrt:recalloc.obj
 0001:00012d8e       ___acrt_initialize_heap    00413d8e f   libucrt:heap_handle.obj
 0001:00012d9f       ___acrt_uninitialize_heap  00413d9f f   libucrt:heap_handle.obj
 0001:00012da9       ___acrt_execute_initializers 00413da9 f   libucrt:shared_initialization.obj
 0001:00012e11       ___acrt_execute_uninitializers 00413e11 f   libucrt:shared_initialization.obj
 0001:00012e42       ___acrt_initialize_new_handler 00413e42 f   libucrt:new_handler.obj
 0001:00012e51       __callnewh                 00413e51 f   libucrt:new_handler.obj
 0001:00012e7e       __query_new_handler        00413e7e f   libucrt:new_handler.obj
 0001:00012fa8       ___acrt_get_sigabrt_handler 00413fa8 f   libucrt:signal.obj
 0001:00012fcf       ___acrt_initialize_signal_handlers 00413fcf f   libucrt:signal.obj
 0001:00012fed       _raise                     00413fed f   libucrt:signal.obj
 0001:00013287       __control87                00414287 f   libucrt:ieee87.obj
 0001:00013626       __mbtowc_l                 00414626 f   libucrt:mbtowc.obj
 0001:00013768       _mbtowc                    00414768 f   libucrt:mbtowc.obj
 0001:00013782       ___acrt_update_locale_info 00414782 f   libucrt:locale_update.obj
 0001:000137af       ___acrt_update_multibyte_info 004147af f   libucrt:locale_update.obj
 0001:000137dc       ___ascii_wcsnicmp          004147dc f   libucrt:wcsnicmp.obj
 0001:0001382b       __strnicmp                 0041482b f   libucrt:strnicmp.obj
 0001:00013898       __strnicmp_l               00414898 f   libucrt:strnicmp.obj
 0001:00013f2e       __sopen_nolock             00414f2e f   libucrt:open.obj
 0001:00013f9c       __sopen_s                  00414f9c f   libucrt:open.obj
 0001:00013fbc       __wsopen_nolock            00414fbc f   libucrt:open.obj
 0001:000142e6       __isatty                   004152e6 f   libucrt:isatty.obj
 0001:0001433c       ___acrt_stdio_allocate_buffer_nolock 0041533c f   libucrt:_getbuf.obj
 0001:000143c4       ?__mbrtowc_utf8@__crt_mbstring@@YAIPA_WPBDIPAU_Mbstatet@@@Z 004153c4 f   libucrt:mbrtowc.obj
 0001:00014404       ?__mbsrtowcs_utf8@__crt_mbstring@@YAIPA_WPAPBDIPAU_Mbstatet@@@Z 00415404 f   libucrt:mbrtowc.obj
 0001:000144ff       __putwch_nolock            004154ff f   libucrt:putwch.obj
 0001:00014581       ___acrt_DownlevelLocaleNameToLCID 00415581 f   libucrt:lcidtoname_downlevel.obj
 0001:000145b0       _qsort                     004155b0 f   libucrt:qsort.obj
 0001:00014b51       _strncpy_s                 00415b51 f   libucrt:strncpy_s.obj
 0001:00014b60       _strpbrk                   00415b60 f   libucrt:strpbrk.obj
 0001:00014ba0       __mbsdec                   00415ba0 f   libucrt:mbsdec.obj
 0001:00014bb7       __mbsdec_l                 00415bb7 f   libucrt:mbsdec.obj
 0001:00014e2e       ___acrt_LCMapStringA       00415e2e f   libucrt:lcmapstringa.obj
 0001:00014e86       __strnicoll                00415e86 f   libucrt:strnicol.obj
 0001:00014eaf       __strnicoll_l              00415eaf f   libucrt:strnicol.obj
 0001:00014f77       ___acrt_SetEnvironmentVariableA 00415f77 f   libucrt:setenvironmentvariablea.obj
 0001:0001500c       __msize_base               0041600c f   libucrt:msize.obj
 0001:0001503f       __realloc_base             0041603f f   libucrt:realloc_base.obj
 0001:000150a8       ___set_fpsr_sse2           004160a8 f   libucrt:fpctrl.obj
 0001:00015128       __clrfp                    00416128 f   libucrt:fpctrl.obj
 0001:00015139       __ctrlfp                   00416139 f   libucrt:fpctrl.obj
 0001:00015163       __set_statfp               00416163 f   libucrt:fpctrl.obj
 0001:000151bc       __statfp                   004161bc f   libucrt:fpctrl.obj
 0001:000151cc       __isleadbyte_l             004161cc f i libucrt:_wctype.obj
 0001:00015206       ?return_illegal_sequence@__crt_mbstring@@YAIPAU_Mbstatet@@@Z 00416206 f i libucrt:c32rtomb.obj
 0001:00015230       ___ascii_strnicmp          00416230 f   libucrt:_strnicm.obj
 0001:00015291       ??0__crt_seek_guard@@QAE@H_J@Z 00416291 f i libucrt:chsize.obj
 0001:000152de       __chsize_nolock            004162de f   libucrt:chsize.obj
 0001:0001544e       ?__mbrtoc32_utf8@__crt_mbstring@@YAIPA_UPBDIPAU_Mbstatet@@@Z 0041644e f   libucrt:mbrtoc32.obj
 0001:00015614       ___dcrt_lowio_ensure_console_output_initialized 00416614 f   libucrt:initcon.obj
 0001:00015633       ___dcrt_terminate_console_output 00416633 f   libucrt:initcon.obj
 0001:0001564a       ___dcrt_write_console      0041664a f   libucrt:initcon.obj
 0001:0001569f       ___strncnt                 0041669f f   libucrt:strncnt.obj
 0001:00015946       ___acrt_CompareStringA     00416946 f   libucrt:comparestringa.obj
 0001:00015990       __CIlog10                  00416990 f   libucrt:log10_impl.obj
 0001:000159cb       __CIlog10_default          004169cb f   libucrt:log10_impl.obj
 0001:000159df       __log10_default            004169df     libucrt:log10_impl.obj
 0001:00015aa0       _ceil                      00416aa0 f   libucrt:ceil_pentium4.obj
 0001:00015ae0       __ceil_pentium4            00416ae0 f   libucrt:ceil_pentium4.obj
 0001:00015bbd       ___acrt_initialize_sse2    00416bbd f   libucrt:mathfcns.obj
 0001:00015bd0       __CIlog10_pentium4         00416bd0 f   libucrt:log10_pentium4.obj
 0001:00015be8       __log10_pentium4           00416be8     libucrt:log10_pentium4.obj
 0001:00015e80       __fFEXP                    00416e80 f   libucrt:87tran.obj
 0001:00015ed7       __rtinfpopse               00416ed7     libucrt:87tran.obj
 0001:00015ed9       __rtinfnpopse              00416ed9     libucrt:87tran.obj
 0001:00015ee9       __fFLN                     00416ee9     libucrt:87tran.obj
 0001:00015f9e       __rtinfpop                 00416f9e     libucrt:87tran.obj
 0001:00015fa0       __rtinfnpop                00416fa0     libucrt:87tran.obj
 0001:00015fb0       __rtforexpinf              00416fb0 f   libucrt:87tran.obj
 0001:00015fbd       __ffexpm1                  00416fbd     libucrt:87tran.obj
 0001:00016070       __trandisp1                00417070 f   libucrt:87disp.obj
 0001:000160e5       __trandisp2                004170e5 f   libucrt:87disp.obj
 0001:0001617f       __rttospopde               0041717f     libucrt:87disp.obj
 0001:00016184       __rttospop                 00417184     libucrt:87disp.obj
 0001:00016190       __rtnospop                 00417190 f   libucrt:87disp.obj
 0001:000161a0       __rttosnpop                004171a0 f   libucrt:87disp.obj
 0001:000161a1       __rtnospopde               004171a1     libucrt:87disp.obj
 0001:000161a8       __rtzeropop                004171a8     libucrt:87disp.obj
 0001:000161aa       __rtzeronpop               004171aa     libucrt:87disp.obj
 0001:000161b0       __rtzerospop               004171b0 f   libucrt:87disp.obj
 0001:000161bd       __rtonepop                 004171bd     libucrt:87disp.obj
 0001:000161c0       __rtonenpop                004171c0 f   libucrt:87disp.obj
 0001:000161d0       __tosnan1                  004171d0 f   libucrt:87disp.obj
 0001:00016200       __nosnan2                  00417200 f   libucrt:87disp.obj
 0001:00016210       __tosnan2                  00417210 f   libucrt:87disp.obj
 0001:00016240       __nan2                     00417240 f   libucrt:87disp.obj
 0001:00016280       __rtindfpop                00417280 f   libucrt:87disp.obj
 0001:00016282       __rtindfnpop               00417282     libucrt:87disp.obj
 0001:00016293       __rttosnpopde              00417293     libucrt:87disp.obj
 0001:000162a0       __rtatan2inf               004172a0 f   libucrt:87disp.obj
 0001:000162bd       __rtchsifneg               004172bd     libucrt:87disp.obj
 0001:000162d0       __twoToTOS                 004172d0 f   libucrt:common.obj
 0001:000162e5       __load_CW                  004172e5 f   libucrt:common.obj
 0001:000162fc       __convertTOStoQNaN         004172fc f   libucrt:common.obj
 0001:00016315       __fload_withFB             00417315 f   libucrt:common.obj
 0001:00016358       __checkTOS_withFB          00417358 f   libucrt:common.obj
 0001:0001636e       __fast_exit                0041736e f   libucrt:common.obj
 0001:0001637b       __math_exit                0041737b f   libucrt:common.obj
 0001:000163a5       __check_overflow_exit      004173a5 f   libucrt:common.obj
 0001:000163b9       __check_range_exit         004173b9 f   libucrt:common.obj
 0001:00016460       __startTwoArgErrorHandling 00417460 f   libucrt:genexcep.obj
 0001:00016477       __startOneArgErrorHandling 00417477 f   libucrt:genexcep.obj
 0001:000164b3       ___libm_error_support      004174b3 f   libucrt:libm_error.obj
 0001:000166a7       __ceil_default             004176a7 f   libucrt:ceil.obj
 0001:0001675c       __d_inttype                0041775c f   libucrt:powhlp.obj
 0001:000167c4       __powhlp                   004177c4 f   libucrt:powhlp.obj
 0001:000168ef       __87except                 004178ef f   libucrt:87except.obj
 0001:000169f9       __frnd                     004179f9 f   libucrt:frnd.obj
 0001:00016a0d       __errcode                  00417a0d f   libucrt:fpexcept.obj
 0001:00016a41       __except1                  00417a41 f   libucrt:fpexcept.obj
 0001:00016b0f       __handle_exc               00417b0f f   libucrt:fpexcept.obj
 0001:00016cfa       __raise_exc                00417cfa f   libucrt:fpexcept.obj
 0001:00016d1d       __raise_exc_ex             00417d1d f   libucrt:fpexcept.obj
 0001:00017013       __set_errno_from_matherr   00418013 f   libucrt:fpexcept.obj
 0001:00017042       __umatherr                 00418042 f   libucrt:fpexcept.obj
 0001:000170e2       __decomp                   004180e2 f   libucrt:util.obj
 0001:000171b4       __set_exp                  004181b4 f   libucrt:util.obj
 0001:000171e1       __sptype                   004181e1 f   libucrt:util.obj
 0001:0001723f       __fpclass                  0041823f f   libucrt:ieeemisc.obj
 0001:000172f0       __FindPESection            004182f0 f   LIBCMT:pesect.obj
 0001:00017340       __IsNonwritableInCurrentImage 00418340 f   LIBCMT:pesect.obj
 0001:00017400       __ValidateImageBase        00418400 f   LIBCMT:pesect.obj
 0001:00017440       __alldiv                   00418440 f   LIBCMT:lldiv.obj
 0001:000174f0       __chkstk                   004184f0 f   LIBCMT:chkstk.obj
 0001:000174f0       __alloca_probe             004184f0 f   LIBCMT:chkstk.obj
 0001:00017520       __alloca_probe_16          00418520 f   LIBCMT:alloca16.obj
 0001:00017536       __alloca_probe_8           00418536     LIBCMT:alloca16.obj
 0001:00017550       _strchr                    00418550 f   libvcruntime:strchr.obj
 0001:000175be       ___from_strstr_to_strchr   004185be     libvcruntime:strchr.obj
 0001:00017680       __filter_x86_sse2_floating_point_exception_default 00418680 f   LIBCMT:x86_exception_filter.obj
 0001:00017680       __filter_x86_sse2_floating_point_exception 00418680 f   LIBCMT:x86_exception_filter.obj
 0002:00000000       __imp__QueryPerformanceCounter@4 00419000     kernel32:KERNEL32.dll
 0002:00000004       __imp__GetCurrentProcessId@0 00419004     kernel32:KERNEL32.dll
 0002:00000008       __imp__GetCurrentThreadId@0 00419008     kernel32:KERNEL32.dll
 0002:0000000c       __imp__GetSystemTimeAsFileTime@4 0041900c     kernel32:KERNEL32.dll
 0002:00000010       __imp__InitializeSListHead@4 00419010     kernel32:KERNEL32.dll
 0002:00000014       __imp__IsDebuggerPresent@0 00419014     kernel32:KERNEL32.dll
 0002:00000018       __imp__UnhandledExceptionFilter@4 00419018     kernel32:KERNEL32.dll
 0002:0000001c       __imp__SetUnhandledExceptionFilter@4 0041901c     kernel32:KERNEL32.dll
 0002:00000020       __imp__GetStartupInfoW@4   00419020     kernel32:KERNEL32.dll
 0002:00000024       __imp__IsProcessorFeaturePresent@4 00419024     kernel32:KERNEL32.dll
 0002:00000028       __imp__GetModuleHandleW@4  00419028     kernel32:KERNEL32.dll
 0002:0000002c       __imp__GetCurrentProcess@0 0041902c     kernel32:KERNEL32.dll
 0002:00000030       __imp__TerminateProcess@8  00419030     kernel32:KERNEL32.dll
 0002:00000034       __imp__WriteConsoleW@20    00419034     kernel32:KERNEL32.dll
 0002:00000038       __imp__RtlUnwind@16        00419038     kernel32:KERNEL32.dll
 0002:0000003c       __imp__GetLastError@0      0041903c     kernel32:KERNEL32.dll
 0002:00000040       __imp__SetLastError@4      00419040     kernel32:KERNEL32.dll
 0002:00000044       __imp__EnterCriticalSection@4 00419044     kernel32:KERNEL32.dll
 0002:00000048       __imp__LeaveCriticalSection@4 00419048     kernel32:KERNEL32.dll
 0002:0000004c       __imp__DeleteCriticalSection@4 0041904c     kernel32:KERNEL32.dll
 0002:00000050       __imp__InitializeCriticalSectionAndSpinCount@8 00419050     kernel32:KERNEL32.dll
 0002:00000054       __imp__TlsAlloc@0          00419054     kernel32:KERNEL32.dll
 0002:00000058       __imp__TlsGetValue@4       00419058     kernel32:KERNEL32.dll
 0002:0000005c       __imp__TlsSetValue@8       0041905c     kernel32:KERNEL32.dll
 0002:00000060       __imp__TlsFree@4           00419060     kernel32:KERNEL32.dll
 0002:00000064       __imp__FreeLibrary@4       00419064     kernel32:KERNEL32.dll
 0002:00000068       __imp__GetProcAddress@8    00419068     kernel32:KERNEL32.dll
 0002:0000006c       __imp__LoadLibraryExW@12   0041906c     kernel32:KERNEL32.dll
 0002:00000070       __imp__RaiseException@16   00419070     kernel32:KERNEL32.dll
 0002:00000074       __imp__ExitProcess@4       00419074     kernel32:KERNEL32.dll
 0002:00000078       __imp__GetModuleHandleExW@12 00419078     kernel32:KERNEL32.dll
 0002:0000007c       __imp__ReadFile@20         0041907c     kernel32:KERNEL32.dll
 0002:00000080       __imp__GetStdHandle@4      00419080     kernel32:KERNEL32.dll
 0002:00000084       __imp__WriteFile@20        00419084     kernel32:KERNEL32.dll
 0002:00000088       __imp__GetModuleFileNameW@12 00419088     kernel32:KERNEL32.dll
 0002:0000008c       __imp__GetCommandLineA@0   0041908c     kernel32:KERNEL32.dll
 0002:00000090       __imp__GetCommandLineW@0   00419090     kernel32:KERNEL32.dll
 0002:00000094       __imp__SetFilePointerEx@20 00419094     kernel32:KERNEL32.dll
 0002:00000098       __imp__GetConsoleMode@8    00419098     kernel32:KERNEL32.dll
 0002:0000009c       __imp__ReadConsoleW@20     0041909c     kernel32:KERNEL32.dll
 0002:000000a0       __imp__GetFileType@4       004190a0     kernel32:KERNEL32.dll
 0002:000000a4       __imp__HeapFree@12         004190a4     kernel32:KERNEL32.dll
 0002:000000a8       __imp__CloseHandle@4       004190a8     kernel32:KERNEL32.dll
 0002:000000ac       __imp__GetConsoleOutputCP@0 004190ac     kernel32:KERNEL32.dll
 0002:000000b0       __imp__GetFileSizeEx@8     004190b0     kernel32:KERNEL32.dll
 0002:000000b4       __imp__FlushFileBuffers@4  004190b4     kernel32:KERNEL32.dll
 0002:000000b8       __imp__HeapAlloc@12        004190b8     kernel32:KERNEL32.dll
 0002:000000bc       __imp__CompareStringW@24   004190bc     kernel32:KERNEL32.dll
 0002:000000c0       __imp__LCMapStringW@24     004190c0     kernel32:KERNEL32.dll
 0002:000000c4       __imp__FindClose@4         004190c4     kernel32:KERNEL32.dll
 0002:000000c8       __imp__FindFirstFileExW@24 004190c8     kernel32:KERNEL32.dll
 0002:000000cc       __imp__FindNextFileW@8     004190cc     kernel32:KERNEL32.dll
 0002:000000d0       __imp__IsValidCodePage@4   004190d0     kernel32:KERNEL32.dll
 0002:000000d4       __imp__GetACP@0            004190d4     kernel32:KERNEL32.dll
 0002:000000d8       __imp__GetOEMCP@0          004190d8     kernel32:KERNEL32.dll
 0002:000000dc       __imp__GetCPInfo@8         004190dc     kernel32:KERNEL32.dll
 0002:000000e0       __imp__MultiByteToWideChar@24 004190e0     kernel32:KERNEL32.dll
 0002:000000e4       __imp__WideCharToMultiByte@32 004190e4     kernel32:KERNEL32.dll
 0002:000000e8       __imp__GetEnvironmentStringsW@0 004190e8     kernel32:KERNEL32.dll
 0002:000000ec       __imp__FreeEnvironmentStringsW@4 004190ec     kernel32:KERNEL32.dll
 0002:000000f0       __imp__SetEnvironmentVariableW@8 004190f0     kernel32:KERNEL32.dll
 0002:000000f4       __imp__SetStdHandle@8      004190f4     kernel32:KERNEL32.dll
 0002:000000f8       __imp__GetStringTypeW@16   004190f8     kernel32:KERNEL32.dll
 0002:000000fc       __imp__GetProcessHeap@0    004190fc     kernel32:KERNEL32.dll
 0002:00000100       __imp__CreateFileW@28      00419100     kernel32:KERNEL32.dll
 0002:00000104       __imp__HeapSize@12         00419104     kernel32:KERNEL32.dll
 0002:00000108       __imp__HeapReAlloc@16      00419108     kernel32:KERNEL32.dll
 0002:0000010c       __imp__SetEndOfFile@4      0041910c     kernel32:KERNEL32.dll
 0002:00000110       __imp__DecodePointer@4     00419110     kernel32:KERNEL32.dll
 0002:00000114       \177KERNEL32_NULL_THUNK_DATA 00419114     kernel32:KERNEL32.dll
 0002:00000118       ___guard_check_icall_fptr  00419118     LIBCMT:guard_support.obj
 0002:0000011c       ___xc_a                    0041911c     LIBCMT:initializers.obj
 0002:00000124       ___xc_z                    00419124     LIBCMT:initializers.obj
 0002:00000128       ___xi_a                    00419128     LIBCMT:initializers.obj
 0002:00000134       ___acrt_stdio_initializer  00419134     libucrt:stdio_initializer.obj
 0002:00000138       ___acrt_multibyte_initializer 00419138     libucrt:multibyte_initializer.obj
 0002:0000013c       ___acrt_fmode_initializer  0041913c     libucrt:fmode_initializer.obj
 0002:00000140       ___acrt_tran_sse2_initializer 00419140     libucrt:sse2_initializer.obj
 0002:00000144       ___xi_z                    00419144     LIBCMT:initializers.obj
 0002:00000148       ___xp_a                    00419148     LIBCMT:initializers.obj
 0002:0000014c       ___acrt_locale_terminator  0041914c     libucrt:locale_initializer.obj
 0002:00000150       ___dcrt_console_output_terminator 00419150     libucrt:console_output_initializer.obj
 0002:00000154       ___acrt_stdio_terminator   00419154     libucrt:stdio_initializer.obj
 0002:00000158       ___xp_z                    00419158     LIBCMT:initializers.obj
 0002:0000015c       ___xt_a                    0041915c     LIBCMT:initializers.obj
 0002:00000160       ___xt_z                    00419160     LIBCMT:initializers.obj
 0002:00001034       __pDestructExceptionObject 0041a034     libvcruntime:ehhelpers.obj
 0002:000013b8       ??_C@_08EHJDFFNH@__based?$CI@ 0041a3b8     libvcruntime:undname.obj
 0002:000013c4       ??_C@_07KOLFKCDI@__cdecl@  0041a3c4     libvcruntime:undname.obj
 0002:000013cc       ??_C@_08GHMPAG@__pascal@   0041a3cc     libvcruntime:undname.obj
 0002:000013d8       ??_C@_09IFJBGAPI@__stdcall@ 0041a3d8     libvcruntime:undname.obj
 0002:000013e4       ??_C@_0L@NPHFGOKO@__thiscall@ 0041a3e4     libvcruntime:undname.obj
 0002:000013f0       ??_C@_0L@JMKHOMEK@__fastcall@ 0041a3f0     libvcruntime:undname.obj
 0002:000013fc       ??_C@_0N@BCKKPABJ@__vectorcall@ 0041a3fc     libvcruntime:undname.obj
 0002:0000140c       ??_C@_09HIJEGCPM@__clrcall@ 0041a40c     libvcruntime:undname.obj
 0002:00001418       ??_C@_06GHPCKEAG@__eabi@   0041a418     libvcruntime:undname.obj
 0002:00001420       ??_C@_09IOPIDJLG@__swift_1@ 0041a420     libvcruntime:undname.obj
 0002:0000142c       ??_C@_09KFNFGKHF@__swift_2@ 0041a42c     libvcruntime:undname.obj
 0002:00001438       ??_C@_07JOMMBBKO@__ptr64@  0041a438     libvcruntime:undname.obj
 0002:00001440       ??_C@_0L@PILCLIHE@__restrict@ 0041a440     libvcruntime:undname.obj
 0002:0000144c       ??_C@_0M@GFIIJFMG@__unaligned@ 0041a44c     libvcruntime:undname.obj
 0002:00001458       ??_C@_09DHDLOLLB@restrict?$CI@ 0041a458     libvcruntime:undname.obj
 0002:00001462       ??_C@_00CNPNBAHC@@         0041a462     libvcruntime:undname.obj
 0002:00001464       ??_C@_04NIHEBCM@?5new@     0041a464     libvcruntime:undname.obj
 0002:0000146c       ??_C@_07FPCDHGMM@?5delete@ 0041a46c     libvcruntime:undname.obj
 0002:00001474       ??_C@_01NEMOKFLO@?$DN@     0041a474     libvcruntime:undname.obj
 0002:00001478       ??_C@_02GPIOPFAK@?$DO?$DO@ 0041a478     libvcruntime:undname.obj
 0002:0000147c       ??_C@_02FODMEDOG@?$DM?$DM@ 0041a47c     libvcruntime:undname.obj
 0002:00001480       ??_C@_01DCLJPIOD@?$CB@     0041a480     libvcruntime:undname.obj
 0002:00001484       ??_C@_02EGOFBIJA@?$DN?$DN@ 0041a484     libvcruntime:undname.obj
 0002:00001488       ??_C@_02FDNJECIE@?$CB?$DN@ 0041a488     libvcruntime:undname.obj
 0002:0000148c       ??_C@_02GPECMEKF@?$FL?$FN@ 0041a48c     libvcruntime:undname.obj
 0002:00001490       ??_C@_08LHJFAFGD@operator@ 0041a490     libvcruntime:undname.obj
 0002:0000149c       ??_C@_02HBOOOICD@?9?$DO@   0041a49c     libvcruntime:undname.obj
 0002:000014a0       ??_C@_01NBENCBCI@?$CK@     0041a4a0     libvcruntime:undname.obj
 0002:000014a4       ??_C@_02ECNGHCIF@?$CL?$CL@ 0041a4a4     libvcruntime:undname.obj
 0002:000014a8       ??_C@_02BAABKJLB@?9?9@     0041a4a8     libvcruntime:undname.obj
 0002:000014ac       ??_C@_01JOAMLHOP@?9@       0041a4ac     libvcruntime:undname.obj
 0002:000014b0       ??_C@_01MIFGBAGJ@?$CL@     0041a4b0     libvcruntime:undname.obj
 0002:000014b4       ??_C@_01HNPIGOCE@?$CG@     0041a4b4     libvcruntime:undname.obj
 0002:000014b8       ??_C@_03MNHNFDLC@?9?$DO?$CK@ 0041a4b8     libvcruntime:undname.obj
 0002:000014bc       ??_C@_01KMDKNFGN@?1@       0041a4bc     libvcruntime:undname.obj
 0002:000014c0       ??_C@_01FGNFDNOH@?$CF@     0041a4c0     libvcruntime:undname.obj
 0002:000014c4       ??_C@_01MNNFJEPP@?$DM@     0041a4c4     libvcruntime:undname.obj
 0002:000014c8       ??_C@_02EHCHHCKH@?$DM?$DN@ 0041a4c8     libvcruntime:undname.obj
 0002:000014cc       ??_C@_01PPODPGHN@?$DO@     0041a4cc     libvcruntime:undname.obj
 0002:000014d0       ??_C@_02EEKDKGMJ@?$DO?$DN@ 0041a4d0     libvcruntime:undname.obj
 0002:000014d4       ??_C@_01IHBHIGKO@?0@       0041a4d4     libvcruntime:undname.obj
 0002:000014d8       ??_C@_02HCKGKOFO@?$CI?$CJ@ 0041a4d8     libvcruntime:undname.obj
 0002:000014dc       ??_C@_01PJKLJHI@?$HO@      0041a4dc     libvcruntime:undname.obj
 0002:000014e0       ??_C@_01JKBOJNNK@?$FO@     0041a4e0     libvcruntime:undname.obj
 0002:000014e4       ??_C@_01DNKMNLPK@?$HM@     0041a4e4     libvcruntime:undname.obj
 0002:000014e8       ??_C@_02PPKAJPJL@?$CG?$CG@ 0041a4e8     libvcruntime:undname.obj
 0002:000014ec       ??_C@_02NONPIBCD@?$HM?$HM@ 0041a4ec     libvcruntime:undname.obj
 0002:000014f0       ??_C@_02FPIMKNGF@?$CK?$DN@ 0041a4f0     libvcruntime:undname.obj
 0002:000014f4       ??_C@_02FOEOMHFC@?$CL?$DN@ 0041a4f4     libvcruntime:undname.obj
 0002:000014f8       ??_C@_02FKMDLLOA@?9?$DN@   0041a4f8     libvcruntime:undname.obj
 0002:000014fc       ??_C@_02FJEHGPIO@?1?$DN@   0041a4fc     libvcruntime:undname.obj
 0002:00001500       ??_C@_02FENAOKFI@?$CF?$DN@ 0041a500     libvcruntime:undname.obj
 0002:00001504       ??_C@_03IKFCCPFF@?$DO?$DO?$DN@ 0041a504     libvcruntime:undname.obj
 0002:00001508       ??_C@_03CDNPDDLA@?$DM?$DM?$DN@ 0041a508     libvcruntime:undname.obj
 0002:0000150c       ??_C@_02FGJGFEAB@?$CG?$DN@ 0041a50c     libvcruntime:undname.obj
 0002:00001510       ??_C@_02DHLNPPGH@?$HM?$DN@ 0041a510     libvcruntime:undname.obj
 0002:00001514       ??_C@_02MHEGNOJ@?$FO?$DN@  0041a514     libvcruntime:undname.obj
 0002:00001518       ??_C@_09IFPLHPGF@?$GAvftable?8@ 0041a518     libvcruntime:undname.obj
 0002:00001524       ??_C@_09BLBHBJP@?$GAvbtable?8@ 0041a524     libvcruntime:undname.obj
 0002:00001530       ??_C@_07FEEIOKP@?$GAvcall?8@ 0041a530     libvcruntime:undname.obj
 0002:00001538       ??_C@_08LLFFHHDJ@?$GAtypeof?8@ 0041a538     libvcruntime:undname.obj
 0002:00001544       ??_C@_0BF@KDPPACIK@?$GAlocal?5static?5guard?8@ 0041a544     libvcruntime:undname.obj
 0002:0000155c       ??_C@_08OBABFOLI@?$GAstring?8@ 0041a55c     libvcruntime:undname.obj
 0002:00001568       ??_C@_0BD@JDLKDPAB@?$GAvbase?5destructor?8@ 0041a568     libvcruntime:undname.obj
 0002:0000157c       ??_C@_0BN@DEGPLNFK@?$GAvector?5deleting?5destructor?8@ 0041a57c     libvcruntime:undname.obj
 0002:0000159c       ??_C@_0BO@OBMKPJIG@?$GAdefault?5constructor?5closure?8@ 0041a59c     libvcruntime:undname.obj
 0002:000015bc       ??_C@_0BN@IMDCHIKM@?$GAscalar?5deleting?5destructor?8@ 0041a5bc     libvcruntime:undname.obj
 0002:000015dc       ??_C@_0BO@PFGOCPJJ@?$GAvector?5constructor?5iterator?8@ 0041a5dc     libvcruntime:undname.obj
 0002:000015fc       ??_C@_0BN@LFPFMEDL@?$GAvector?5destructor?5iterator?8@ 0041a5fc     libvcruntime:undname.obj
 0002:0000161c       ??_C@_0CE@IKBNEHA@?$GAvector?5vbase?5constructor?5itera@ 0041a61c     libvcruntime:undname.obj
 0002:00001640       ??_C@_0BL@NILFHHPC@?$GAvirtual?5displacement?5map?8@ 0041a640     libvcruntime:undname.obj
 0002:0000165c       ??_C@_0CB@JONCMFFK@?$GAeh?5vector?5constructor?5iterator@ 0041a65c     libvcruntime:undname.obj
 0002:00001680       ??_C@_0CA@GCEOPDGL@?$GAeh?5vector?5destructor?5iterator?8@ 0041a680     libvcruntime:undname.obj
 0002:000016a0       ??_C@_0CH@OOJPLCPH@?$GAeh?5vector?5vbase?5constructor?5it@ 0041a6a0     libvcruntime:undname.obj
 0002:000016c8       ??_C@_0BL@LLKPOHJI@?$GAcopy?5constructor?5closure?8@ 0041a6c8     libvcruntime:undname.obj
 0002:000016e4       ??_C@_0BA@KBCDOMBN@?$GAudt?5returning?8@ 0041a6e4     libvcruntime:undname.obj
 0002:000016f4       ??_C@_03KLGMFNMG@?$GAEH@   0041a6f4     libvcruntime:undname.obj
 0002:000016f8       ??_C@_05KHLCHHI@?$GARTTI@  0041a6f8     libvcruntime:undname.obj
 0002:00001700       ??_C@_0BA@KKLDJDLB@?$GAlocal?5vftable?8@ 0041a700     libvcruntime:undname.obj
 0002:00001710       ??_C@_0CE@IIHCMGGL@?$GAlocal?5vftable?5constructor?5clos@ 0041a710     libvcruntime:undname.obj
 0002:00001734       ??_C@_06FHBGPFGH@?5new?$FL?$FN@ 0041a734     libvcruntime:undname.obj
 0002:0000173c       ??_C@_09LBNFPBCA@?5delete?$FL?$FN@ 0041a73c     libvcruntime:undname.obj
 0002:00001748       ??_C@_0P@HJKNJFNN@?$GAomni?5callsig?8@ 0041a748     libvcruntime:undname.obj
 0002:00001758       ??_C@_0BL@CNOONJFP@?$GAplacement?5delete?5closure?8@ 0041a758     libvcruntime:undname.obj
 0002:00001774       ??_C@_0BN@CKNJLHMB@?$GAplacement?5delete?$FL?$FN?5closure?8@ 0041a774     libvcruntime:undname.obj
 0002:00001794       ??_C@_0CG@CFDHKGGD@?$GAmanaged?5vector?5constructor?5ite@ 0041a794     libvcruntime:undname.obj
 0002:000017bc       ??_C@_0CF@IMGKMJNO@?$GAmanaged?5vector?5destructor?5iter@ 0041a7bc     libvcruntime:undname.obj
 0002:000017e4       ??_C@_0CG@HLDDJMAG@?$GAeh?5vector?5copy?5constructor?5ite@ 0041a7e4     libvcruntime:undname.obj
 0002:0000180c       ??_C@_0CM@FCBBDIGB@?$GAeh?5vector?5vbase?5copy?5construct@ 0041a80c     libvcruntime:undname.obj
 0002:00001838       ??_C@_0BL@CLIPGLGB@?$GAdynamic?5initializer?5for?5?8@ 0041a838     libvcruntime:undname.obj
 0002:00001854       ??_C@_0CB@PDBIFEP@?$GAdynamic?5atexit?5destructor?5for?5@ 0041a854     libvcruntime:undname.obj
 0002:00001878       ??_C@_0CD@CGAJBKEJ@?$GAvector?5copy?5constructor?5iterat@ 0041a878     libvcruntime:undname.obj
 0002:0000189c       ??_C@_0CJ@GJELGAMM@?$GAvector?5vbase?5copy?5constructor?5@ 0041a89c     libvcruntime:undname.obj
 0002:000018c8       ??_C@_0CL@FGIJHLCE@?$GAmanaged?5vector?5copy?5constructo@ 0041a8c8     libvcruntime:undname.obj
 0002:000018f4       ??_C@_0BM@PMGGMLDN@?$GAlocal?5static?5thread?5guard?8@ 0041a8f4     libvcruntime:undname.obj
 0002:00001910       ??_C@_0N@BDNMDMOL@operator?5?$CC?$CC?5@ 0041a910     libvcruntime:undname.obj
 0002:00001920       ??_C@_0BC@GGEBGALA@operator?5co_await@ 0041a920     libvcruntime:undname.obj
 0002:00001934       ??_C@_0M@GAAIMMOH@operator?$DM?$DN?$DO@ 0041a934     libvcruntime:undname.obj
 0002:00001940       ??_C@_0BC@DAFEJGAK@?5Type?5Descriptor?8@ 0041a940     libvcruntime:undname.obj
 0002:00001954       ??_C@_0BM@LDKODKLH@?5Base?5Class?5Descriptor?5at?5?$CI@ 0041a954     libvcruntime:undname.obj
 0002:00001970       ??_C@_0BD@LGICGFMM@?5Base?5Class?5Array?8@ 0041a970     libvcruntime:undname.obj
 0002:00001984       ??_C@_0BN@MECKDCOJ@?5Class?5Hierarchy?5Descriptor?8@ 0041a984     libvcruntime:undname.obj
 0002:000019a4       ??_C@_0BK@CFCOFLF@?5Complete?5Object?5Locator?8@ 0041a9a4     libvcruntime:undname.obj
 0002:000019c0       ??_C@_0BG@JNJLAMPM@?$GAanonymous?5namespace?8@ 0041a9c0     libvcruntime:undname.obj
 0002:000019e4       ??_C@_1DM@KHCHBNEB@?$AAa?$AAp?$AAi?$AA?9?$AAm?$AAs?$AA?9?$AAw?$AAi?$AAn?$AA?9?$AAc?$AAo?$AAr?$AAe@ 0041a9e4     libvcruntime:winapi_downlevel.obj
 0002:00001a20       ??_C@_1DK@LPPGFMPP@?$AAa?$AAp?$AAi?$AA?9?$AAm?$AAs?$AA?9?$AAw?$AAi?$AAn?$AA?9?$AAc?$AAo?$AAr?$AAe@ 0041aa20     libvcruntime:winapi_downlevel.obj
 0002:00001a5c       ??_C@_1BC@GDMECMAK@?$AAk?$AAe?$AAr?$AAn?$AAe?$AAl?$AA3?$AA2@ 0041aa5c     libvcruntime:winapi_downlevel.obj
 0002:00001a70       ??_C@_1BA@PFFKHIOG@?$AAa?$AAp?$AAi?$AA?9?$AAm?$AAs?$AA?9@ 0041aa70     libvcruntime:winapi_downlevel.obj
 0002:00001a88       ??_C@_08KNHFBNJ@FlsAlloc@  0041aa88     libvcruntime:winapi_downlevel.obj
 0002:00001a9c       ??_C@_07PEJMOBNF@FlsFree@  0041aa9c     libvcruntime:winapi_downlevel.obj
 0002:00001aac       ??_C@_0M@GDNOONDI@FlsGetValue@ 0041aaac     libvcruntime:winapi_downlevel.obj
 0002:00001ac0       ??_C@_0M@JCPCPOEF@FlsSetValue@ 0041aac0     libvcruntime:winapi_downlevel.obj
 0002:00001ad4       ??_C@_0BM@HCFOFFN@InitializeCriticalSectionEx@ 0041aad4     libvcruntime:winapi_downlevel.obj
 0002:00001af0       ??_C@_1BI@BGOHAHKC@?$AAm?$AAs?$AAc?$AAo?$AAr?$AAe?$AAe?$AA?4?$AAd?$AAl?$AAl@ 0041aaf0     libucrt:exit.obj
 0002:00001b08       ??_C@_0P@MIGLKIOC@CorExitProcess@ 0041ab08     libucrt:exit.obj
 0002:00001c80       ___acrt_exception_action_table 0041ac80     libucrt:exception_filter.obj
 0002:00001d10       ___acrt_signal_action_table_count 0041ad10     libucrt:exception_filter.obj
 0002:00001d14       ___acrt_signal_action_first_fpe_index 0041ad14     libucrt:exception_filter.obj
 0002:00001d18       ___acrt_signal_action_fpe_count 0041ad18     libucrt:exception_filter.obj
 0002:00001da0       ?ccs@?1???$__acrt_stdio_parse_mode@D@@YA?AU__acrt_stdio_stream_mode@@QBD@Z@4QBDB 0041ada0     libucrt:openfile.obj
 0002:00001da4       ?utf8_encoding@?1???$__acrt_stdio_parse_mode@D@@YA?AU__acrt_stdio_stream_mode@@QBD@Z@4QBDB 0041ada4     libucrt:openfile.obj
 0002:00001dac       ?utf16_encoding@?1???$__acrt_stdio_parse_mode@D@@YA?AU__acrt_stdio_stream_mode@@QBD@Z@4QBDB 0041adac     libucrt:openfile.obj
 0002:00001db4       ?unicode_encoding@?1???$__acrt_stdio_parse_mode@D@@YA?AU__acrt_stdio_stream_mode@@QBD@Z@4QBDB 0041adb4     libucrt:openfile.obj
 0002:00001e10       ??_C@_1EA@JGEFHKEI@?$AAa?$AAp?$AAi?$AA?9?$AAm?$AAs?$AA?9?$AAw?$AAi?$AAn?$AA?9?$AAc?$AAo?$AAr?$AAe@ 0041ae10     libucrt:winapi_thunks.obj
 0002:00001e50       ??_C@_1DI@IJCEHOCB@?$AAa?$AAp?$AAi?$AA?9?$AAm?$AAs?$AA?9?$AAw?$AAi?$AAn?$AA?9?$AAc?$AAo?$AAr?$AAe@ 0041ae50     libucrt:winapi_thunks.obj
 0002:00001e88       ??_C@_1EI@MPIAOHOC@?$AAa?$AAp?$AAi?$AA?9?$AAm?$AAs?$AA?9?$AAw?$AAi?$AAn?$AA?9?$AAc?$AAo?$AAr?$AAe@ 0041ae88     libucrt:winapi_thunks.obj
 0002:00001ed0       ??_C@_1FK@FPHCKFIE@?$AAa?$AAp?$AAi?$AA?9?$AAm?$AAs?$AA?9?$AAw?$AAi?$AAn?$AA?9?$AAc?$AAo?$AAr?$AAe@ 0041aed0     libucrt:winapi_thunks.obj
 0002:00001f30       ??_C@_1EM@DILCGIIO@?$AAa?$AAp?$AAi?$AA?9?$AAm?$AAs?$AA?9?$AAw?$AAi?$AAn?$AA?9?$AAc?$AAo?$AAr?$AAe@ 0041af30     libucrt:winapi_thunks.obj
 0002:00001f7c       ??_C@_1DM@LNCGDDPN@?$AAa?$AAp?$AAi?$AA?9?$AAm?$AAs?$AA?9?$AAw?$AAi?$AAn?$AA?9?$AAc?$AAo?$AAr?$AAe@ 0041af7c     libucrt:winapi_thunks.obj
 0002:00001fb8       ??_C@_1DO@FPAPJEMD@?$AAa?$AAp?$AAi?$AA?9?$AAm?$AAs?$AA?9?$AAw?$AAi?$AAn?$AA?9?$AAc?$AAo?$AAr?$AAe@ 0041afb8     libucrt:winapi_thunks.obj
 0002:00001ff8       ??_C@_1DK@NDHNAHIO@?$AAa?$AAp?$AAi?$AA?9?$AAm?$AAs?$AA?9?$AAw?$AAi?$AAn?$AA?9?$AAc?$AAo?$AAr?$AAe@ 0041aff8     libucrt:winapi_thunks.obj
 0002:00002034       ??_C@_1DM@KGHDGBCM@?$AAa?$AAp?$AAi?$AA?9?$AAm?$AAs?$AA?9?$AAw?$AAi?$AAn?$AA?9?$AAc?$AAo?$AAr?$AAe@ 0041b034     libucrt:winapi_thunks.obj
 0002:00002070       ??_C@_1EO@IJIOEFOH@?$AAa?$AAp?$AAi?$AA?9?$AAm?$AAs?$AA?9?$AAw?$AAi?$AAn?$AA?9?$AAr?$AAt?$AAc?$AAo@ 0041b070     libucrt:winapi_thunks.obj
 0002:000020c0       ??_C@_1FG@HHGEKANL@?$AAa?$AAp?$AAi?$AA?9?$AAm?$AAs?$AA?9?$AAw?$AAi?$AAn?$AA?9?$AAs?$AAe?$AAc?$AAu@ 0041b0c0     libucrt:winapi_thunks.obj
 0002:00002118       ??_C@_1EG@DBIOJECG@?$AAe?$AAx?$AAt?$AA?9?$AAm?$AAs?$AA?9?$AAw?$AAi?$AAn?$AA?9?$AAn?$AAt?$AAu?$AAs@ 0041b118     libucrt:winapi_thunks.obj
 0002:00002160       ??_C@_1EO@FIHMJCLF@?$AAe?$AAx?$AAt?$AA?9?$AAm?$AAs?$AA?9?$AAw?$AAi?$AAn?$AA?9?$AAn?$AAt?$AAu?$AAs@ 0041b160     libucrt:winapi_thunks.obj
 0002:000021b0       ??_C@_1BC@DNHGCMLG@?$AAa?$AAd?$AAv?$AAa?$AAp?$AAi?$AA3?$AA2@ 0041b1b0     libucrt:winapi_thunks.obj
 0002:000021c4       ??_C@_1M@OAIMIKLP@?$AAn?$AAt?$AAd?$AAl?$AAl@ 0041b1c4     libucrt:winapi_thunks.obj
 0002:000021d0       ??_C@_1EG@DPGNFKGC@?$AAa?$AAp?$AAi?$AA?9?$AAm?$AAs?$AA?9?$AAw?$AAi?$AAn?$AA?9?$AAa?$AAp?$AAp?$AAm@ 0041b1d0     libucrt:winapi_thunks.obj
 0002:00002218       ??_C@_1O@BCCLBEOE@?$AAu?$AAs?$AAe?$AAr?$AA3?$AA2@ 0041b218     libucrt:winapi_thunks.obj
 0002:00002228       ??_C@_1BA@IAIFMGEF@?$AAe?$AAx?$AAt?$AA?9?$AAm?$AAs?$AA?9@ 0041b228     libucrt:winapi_thunks.obj
 0002:0000223c       ??_C@_0BA@FHFNEAED@AreFileApisANSI@ 0041b23c     libucrt:winapi_thunks.obj
 0002:00002254       ??_C@_0BA@IHGNDAEB@CompareStringEx@ 0041b254     libucrt:winapi_thunks.obj
 0002:00002294       ??_C@_0O@KKBNKAPF@LCMapStringEx@ 0041b294     libucrt:winapi_thunks.obj
 0002:000022ac       ??_C@_0BB@HBDEELFH@LocaleNameToLCID@ 0041b2ac     libucrt:winapi_thunks.obj
 0002:000022c4       ??_C@_0CF@OJOFEIGO@AppPolicyGetProcessTerminationM@ 0041b2c4     libucrt:winapi_thunks.obj
 0002:000022fc       ??_C@_1M@HPNHIDJI@?$AAj?$AAa?$AA?9?$AAJ?$AAP@ 0041b2fc     libucrt:mbctype.obj
 0002:00002308       ??_C@_1M@BIBDDEMK@?$AAz?$AAh?$AA?9?$AAC?$AAN@ 0041b308     libucrt:mbctype.obj
 0002:00002314       ??_C@_1M@JLOOOEGK@?$AAk?$AAo?$AA?9?$AAK?$AAR@ 0041b314     libucrt:mbctype.obj
 0002:00002320       ??_C@_1M@CLNBBOPM@?$AAz?$AAh?$AA?9?$AAT?$AAW@ 0041b320     libucrt:mbctype.obj
 0002:00002330       ___lc_time_c               0041b330     libucrt:nlsdata.obj
 0002:00002494       ??_C@_03KOEHGMDN@Sun@      0041b494     libucrt:nlsdata.obj
 0002:00002498       ??_C@_03PDAGKDH@Mon@       0041b498     libucrt:nlsdata.obj
 0002:0000249c       ??_C@_03NAGEINEP@Tue@      0041b49c     libucrt:nlsdata.obj
 0002:000024a0       ??_C@_03MHOMLAJA@Wed@      0041b4a0     libucrt:nlsdata.obj
 0002:000024a4       ??_C@_03IOFIKPDN@Thu@      0041b4a4     libucrt:nlsdata.obj
 0002:000024a8       ??_C@_03IDIOELNC@Fri@      0041b4a8     libucrt:nlsdata.obj
 0002:000024ac       ??_C@_03FEFJNEK@Sat@       0041b4ac     libucrt:nlsdata.obj
 0002:000024b0       ??_C@_06OOPIFAJ@Sunday@    0041b4b0     libucrt:nlsdata.obj
 0002:000024b8       ??_C@_06JLEDEDGH@Monday@   0041b4b8     libucrt:nlsdata.obj
 0002:000024c0       ??_C@_07BAAGCFCM@Tuesday@  0041b4c0     libucrt:nlsdata.obj
 0002:000024c8       ??_C@_09DLIGFAKA@Wednesday@ 0041b4c8     libucrt:nlsdata.obj
 0002:000024d4       ??_C@_08HACCIKIA@Thursday@ 0041b4d4     libucrt:nlsdata.obj
 0002:000024e0       ??_C@_06JECMNKMI@Friday@   0041b4e0     libucrt:nlsdata.obj
 0002:000024e8       ??_C@_08INBOOONO@Saturday@ 0041b4e8     libucrt:nlsdata.obj
 0002:000024f4       ??_C@_03JIHJHPIE@Jan@      0041b4f4     libucrt:nlsdata.obj
 0002:000024f8       ??_C@_03HJBDCHOM@Feb@      0041b4f8     libucrt:nlsdata.obj
 0002:000024fc       ??_C@_03ODNJBKGA@Mar@      0041b4fc     libucrt:nlsdata.obj
 0002:00002500       ??_C@_03LEOLGMJP@Apr@      0041b500     libucrt:nlsdata.obj
 0002:00002504       ??_C@_03CNMDKL@May@        0041b504     libucrt:nlsdata.obj
 0002:00002508       ??_C@_03IDFGHECI@Jun@      0041b508     libucrt:nlsdata.obj
 0002:0000250c       ??_C@_03LBGABGKK@Jul@      0041b50c     libucrt:nlsdata.obj
 0002:00002510       ??_C@_03IFJFEIGA@Aug@      0041b510     libucrt:nlsdata.obj
 0002:00002514       ??_C@_03GGCAPAJC@Sep@      0041b514     libucrt:nlsdata.obj
 0002:00002518       ??_C@_03BMAOKBAD@Oct@      0041b518     libucrt:nlsdata.obj
 0002:0000251c       ??_C@_03JPJOFNIA@Nov@      0041b51c     libucrt:nlsdata.obj
 0002:00002520       ??_C@_03MKABNOCG@Dec@      0041b520     libucrt:nlsdata.obj
 0002:00002524       ??_C@_07CGJPFGJA@January@  0041b524     libucrt:nlsdata.obj
 0002:0000252c       ??_C@_08GNJGEPFN@February@ 0041b52c     libucrt:nlsdata.obj
 0002:00002538       ??_C@_05HPCKOFNC@March@    0041b538     libucrt:nlsdata.obj
 0002:00002540       ??_C@_05DMJDNLEJ@April@    0041b540     libucrt:nlsdata.obj
 0002:00002548       ??_C@_04CNLMGBGM@June@     0041b548     libucrt:nlsdata.obj
 0002:00002550       ??_C@_04MIEPOIFP@July@     0041b550     libucrt:nlsdata.obj
 0002:00002558       ??_C@_06LBBHFDDG@August@   0041b558     libucrt:nlsdata.obj
 0002:00002560       ??_C@_09BHHEALKD@September@ 0041b560     libucrt:nlsdata.obj
 0002:0000256c       ??_C@_07JJNFCEND@October@  0041b56c     libucrt:nlsdata.obj
 0002:00002574       ??_C@_08HCHEGEOA@November@ 0041b574     libucrt:nlsdata.obj
 0002:00002580       ??_C@_08EDHMEBNP@December@ 0041b580     libucrt:nlsdata.obj
 0002:0000258c       ??_C@_02DEDBPAFC@AM@       0041b58c     libucrt:nlsdata.obj
 0002:00002590       ??_C@_02CJNFDJBF@PM@       0041b590     libucrt:nlsdata.obj
 0002:00002594       ??_C@_08BPBNCDIB@MM?1dd?1yy@ 0041b594     libucrt:nlsdata.obj
 0002:000025a0       ??_C@_0BE@CKGJFCPC@dddd?0?5MMMM?5dd?0?5yyyy@ 0041b5a0     libucrt:nlsdata.obj
 0002:000025b4       ??_C@_08JCCMCCIL@HH?3mm?3ss@ 0041b5b4     libucrt:nlsdata.obj
 0002:000025c0       ??_C@_17MBGCMIPB@?$AAS?$AAu?$AAn@ 0041b5c0     libucrt:nlsdata.obj
 0002:000025c8       ??_C@_17KBOMKBF@?$AAM?$AAo?$AAn@ 0041b5c8     libucrt:nlsdata.obj
 0002:000025d0       ??_C@_17BMKGEGOJ@?$AAT?$AAu?$AAe@ 0041b5d0     libucrt:nlsdata.obj
 0002:000025d8       ??_C@_17CJEDCEPE@?$AAW?$AAe?$AAd@ 0041b5d8     libucrt:nlsdata.obj
 0002:000025e0       ??_C@_17PDPHAADD@?$AAT?$AAh?$AAu@ 0041b5e0     libucrt:nlsdata.obj
 0002:000025e8       ??_C@_17HFOLPPLP@?$AAF?$AAr?$AAi@ 0041b5e8     libucrt:nlsdata.obj
 0002:000025f0       ??_C@_17GGIBDPIH@?$AAS?$AAa?$AAt@ 0041b5f0     libucrt:nlsdata.obj
 0002:000025f8       ??_C@_1O@IHNHDHPB@?$AAS?$AAu?$AAn?$AAd?$AAa?$AAy@ 0041b5f8     libucrt:nlsdata.obj
 0002:00002608       ??_C@_1O@MMNBFLIA@?$AAM?$AAo?$AAn?$AAd?$AAa?$AAy@ 0041b608     libucrt:nlsdata.obj
 0002:00002618       ??_C@_1BA@ENFBFFEK@?$AAT?$AAu?$AAe?$AAs?$AAd?$AAa?$AAy@ 0041b618     libucrt:nlsdata.obj
 0002:00002628       ??_C@_1BE@EBOGMDOH@?$AAW?$AAe?$AAd?$AAn?$AAe?$AAs?$AAd?$AAa?$AAy@ 0041b628     libucrt:nlsdata.obj
 0002:0000263c       ??_C@_1BC@HHMNLIHE@?$AAT?$AAh?$AAu?$AAr?$AAs?$AAd?$AAa?$AAy@ 0041b63c     libucrt:nlsdata.obj
 0002:00002650       ??_C@_1O@PDICJHAG@?$AAF?$AAr?$AAi?$AAd?$AAa?$AAy@ 0041b650     libucrt:nlsdata.obj
 0002:00002660       ??_C@_1BC@ENMNNPAJ@?$AAS?$AAa?$AAt?$AAu?$AAr?$AAd?$AAa?$AAy@ 0041b660     libucrt:nlsdata.obj
[...]
 0002:000013a8       ?PrefixName@@3QBUStringLiteral@@B 0041a3a8     libvcruntime:undname.obj
 0002:000019d8       ?module_names@?A0xbea6e107@@3QBQB_WB 0041a9d8     libvcruntime:winapi_downlevel.obj
 0002:00001a80       ?candidate_modules@?1??try_get_FlsAlloc@@YAP6GKP6GXPAX@Z@ZXZ@4QBW4module_id@?A0xbea6e107@@B 0041aa80     libvcruntime:winapi_downlevel.obj
 0002:00001a94       ?candidate_modules@?1??try_get_FlsFree@@YAP6GHK@ZXZ@4QBW4module_id@?A0xbea6e107@@B 0041aa94     libvcruntime:winapi_downlevel.obj
 0002:00001aa4       ?candidate_modules@?1??try_get_FlsGetValue@@YAP6GPAXK@ZXZ@4QBW4module_id@?A0xbea6e107@@B 0041aaa4     libvcruntime:winapi_downlevel.obj
 0002:00001ab8       ?candidate_modules@?1??try_get_FlsSetValue@@YAP6GHKPAX@ZXZ@4QBW4module_id@?A0xbea6e107@@B 0041aab8     libvcruntime:winapi_downlevel.obj
 0002:00001acc       ?candidate_modules@?1??try_get_InitializeCriticalSectionEx@@YAP6GHPAU_RTL_CRITICAL_SECTION@@KK@ZXZ@4QBW4module_id@?A0xbea6e107@@B 0041aacc     libvcruntime:winapi_downlevel.obj
 0002:00001b18       ?errtable@@3QBUerrentry@?A0x31fdb9ec@@B 0041ab18     libucrt:errno.obj
 0002:00001d20       ___acrt_initializers       0041ad20     libucrt:initialization.obj
 0002:00001dc0       ?module_names@?A0x391cf84c@@3QBQB_WB 0041adc0     libucrt:winapi_thunks.obj
 0002:00002238       ?candidate_modules@?1??try_get_AreFileApisANSI@@YAP6GHXZXZ@4QBW4module_id@?A0x391cf84c@@B 0041b238     libucrt:winapi_thunks.obj
 0002:0000224c       ?candidate_modules@?1??try_get_CompareStringEx@@YAP6GHPB_WK0H0HPAU_nlsversioninfo@@PAXJ@ZXZ@4QBW4module_id@?A0x391cf84c@@B 0041b24c     libucrt:winapi_thunks.obj
 0002:00002264       ?candidate_modules@?1??try_get_FlsAlloc@@YAP6GKP6GXPAX@Z@ZXZ@4QBW4module_id@?A0x391cf84c@@B 0041b264     libucrt:winapi_thunks.obj
 0002:0000226c       ?candidate_modules@?1??try_get_FlsFree@@YAP6GHK@ZXZ@4QBW4module_id@?A0x391cf84c@@B 0041b26c     libucrt:winapi_thunks.obj
 0002:00002274       ?candidate_modules@?1??try_get_FlsGetValue@@YAP6GPAXK@ZXZ@4QBW4module_id@?A0x391cf84c@@B 0041b274     libucrt:winapi_thunks.obj
 0002:0000227c       ?candidate_modules@?1??try_get_FlsSetValue@@YAP6GHKPAX@ZXZ@4QBW4module_id@?A0x391cf84c@@B 0041b27c     libucrt:winapi_thunks.obj
 0002:00002284       ?candidate_modules@?1??try_get_InitializeCriticalSectionEx@@YAP6GHPAU_RTL_CRITICAL_SECTION@@KK@ZXZ@4QBW4module_id@?A0x391cf84c@@B 0041b284     libucrt:winapi_thunks.obj
 0002:0000228c       ?candidate_modules@?1??try_get_LCMapStringEx@@YAP6GHPB_WK0HPA_WHPAU_nlsversioninfo@@PAXJ@ZXZ@4QBW4module_id@?A0x391cf84c@@B 0041b28c     libucrt:winapi_thunks.obj
 0002:000022a4       ?candidate_modules@?1??try_get_LocaleNameToLCID@@YAP6GKPB_WK@ZXZ@4QBW4module_id@?A0x391cf84c@@B 0041b2a4     libucrt:winapi_thunks.obj
 0002:000022c0       ?candidate_modules@?1??try_get_AppPolicyGetProcessTerminationMethod@@YAP6GJPAXPAW4AppPolicyProcessTerminationMethod@@@ZXZ@4QBW4module_id@?A0x391cf84c@@B 0041b2c0     libucrt:winapi_thunks.obj
 0002:000022ec       ?_mb_locale_names@@3QBQB_WB 0041b2ec     libucrt:mbctype.obj
 0002:00002df8       ?LcidToLocaleNameTable@?A0x881e4c05@@3QBULcidToLocaleName@1@B 0041bdf8     libucrt:lcidtoname_downlevel.obj
 0002:00003f18       ?LocaleNameToIndexTable@?A0x881e4c05@@3QBULocaleNameIndex@1@B 0041cf18     libucrt:lcidtoname_downlevel.obj
 0002:00004e68       _over                      0041de68     libucrt:fpctrl.obj
 0002:00004e74       _under                     0041de74     libucrt:fpctrl.obj
 0002:00004e90       LOG_name                   0041de90     libucrt:log10_impl.obj
 0002:00004ea0       _One                       0041dea0     libucrt:ceil_pentium4.obj
 0002:00004eb0       _Bns                       0041deb0     libucrt:ceil_pentium4.obj
 0002:00004ec0       _Zero                      0041dec0     libucrt:ceil_pentium4.obj
 0002:00004ed0       _S                         0041ded0     libucrt:ceil_pentium4.obj
 0002:00004ee0       _NegZero                   0041dee0     libucrt:ceil_pentium4.obj
 0002:00004ef0       emask                      0041def0     libucrt:log10_pentium4.obj
 0002:00004f00       CC                         0041df00     libucrt:log10_pentium4.obj
 0002:00004f10       Magic                      0041df10     libucrt:log10_pentium4.obj
 0002:00004f20       hi_mask                    0041df20     libucrt:log10_pentium4.obj
 0002:00004f30       LOG10_2                    0041df30     libucrt:log10_pentium4.obj
 0002:00004f40       place_L                    0041df40     libucrt:log10_pentium4.obj
 0002:00004f60       One                        0041df60     libucrt:log10_pentium4.obj
 0002:00004f70       Zero                       0041df70     libucrt:log10_pentium4.obj
 0002:00004f80       Two52                      0041df80     libucrt:log10_pentium4.obj
 0002:00004f90       Infs                       0041df90     libucrt:log10_pentium4.obj
 0002:00004fa0       NaN                        0041dfa0     libucrt:log10_pentium4.obj
 0002:00004fb0       coeff                      0041dfb0     libucrt:log10_pentium4.obj
 0002:0000500e       _log2max                   0041e00e     libucrt:87tran.obj
 0002:00005018       _smallarg                  0041e018     libucrt:87tran.obj
 0002:00005022       _half                      0041e022     libucrt:87tran.obj
 0002:0000506e       One                        0041e06e     libucrt:87disp.obj
 0002:00005076       Three                      0041e076     libucrt:87disp.obj
 0002:0000507e       XAMtoTagTab                0041e07e     libucrt:87disp.obj
 0002:00005090       One                        0041e090     libucrt:common.obj
 0002:000050a4       DblMax                     0041e0a4     libucrt:common.obj
 0002:000050ac       DblMin                     0041e0ac     libucrt:common.obj
 0002:000050b4       IeeeAdjO                   0041e0b4     libucrt:common.obj
 0002:000050bc       IeeeAdjU                   0041e0bc     libucrt:common.obj
 0002:000050c4       _infinity                  0041e0c4     libucrt:common.obj
 0002:000050cc       _zero                      0041e0cc     libucrt:common.obj
 0002:00005938       ?_names@?1??_get_fname@@9@9 0041e938     libucrt:fpexcept.obj
 0002:00005ae0       two32                      0041eae0     LIBCMT:ftol2.obj
 0002:00005ae4       two63                      0041eae4     LIBCMT:ftol2.obj
 0002:00005ae8       _NaN                       0041eae8     LIBCMT:ftol2.obj
 0002:00005ec0       __sehtable$?__scrt_common_main_seh@@YAHXZ 0041eec0     LIBCMT:exe_main.obj
 0002:00005ee0       __sehtable$___scrt_is_nonwritable_in_current_image 0041eee0     LIBCMT:utility.obj
 0002:00005f00       __sehtable$___DestructExceptionObject 0041ef00     libvcruntime:ehhelpers.obj
 0002:00005f20       __sehtable$??R<lambda_6e4b09c48022b2350581041d5f6b0c4c>@@QBE@XZ 0041ef20     libucrt:exit.obj
 0002:00005f40       __sehtable$??$?RV<lambda_03b1d95aef87969028cfba75ccab2455>@@AAV<lambda_6e4b09c48022b2350581041d5f6b0c4c>@@V<lambda_22bdf7517842c4b3e53723af5aa32b9e>@@@?$__crt_seh_guarded_call@X@@QAEX$$QAV<lambda_03b1d95aef87969028cfba75ccab2455>@@AAV<lambda_6e4b09c48022b2350581041d5f6b0c4c>@@$$QAV<lambda_22bdf7517842c4b3e53723af5aa32b9e>@@@Z 0041ef40     libucrt:exit.obj
 0002:00005f60       __sehtable$??$common_fsopen@D@@YAPAU_iobuf@@QBD0H@Z 0041ef60     libucrt:fopen.obj
 0002:00005f80       __sehtable$??$common_ftell@J@@YAJV__crt_stdio_stream@@@Z 0041ef80     libucrt:ftell.obj
 0002:00005fa0       __sehtable$_rewind         0041efa0     libucrt:rewind.obj
 0002:00005fc0       __sehtable$?common_fseek@@YAHV__crt_stdio_stream@@_JH@Z 0041efc0     libucrt:fseek.obj
 0002:00005fe0       __sehtable$_fclose         0041efe0     libucrt:fclose.obj
 0002:00006000       __sehtable$_fread_s        0041f000     libucrt:fread.obj
 0002:00006020       __sehtable$??$?RV<lambda_4ac01c32aa5b53846f05d0620572872e>@@AAV<lambda_5856287d7ecd2be6c9197bb4007c3f6e>@@V<lambda_e7a9868ed898c75c0f0637692d94351a>@@@?$__crt_seh_guarded_call@I@@QAEI$$QAV<lambda_4ac01c32aa5b53846f05d0620572872e>@@AAV<lambda_5856287d7ecd2be6c9197bb4007c3f6e>@@$$QAV<lambda_e7a9868ed898c75c0f0637692d94351a>@@@Z 0041f020     libucrt:fwrite.obj
 0002:00006040       __sehtable$_fgetc          0041f040     libucrt:fgetc.obj
 0002:00006060       __sehtable$_fputc          0041f060     libucrt:fputc.obj
 0002:00006080       __sehtable$??$?RV<lambda_2866be3712abc81a800a822484c830d8>@@AAV<lambda_39ca0ed439415581b5b15c265174cece>@@V<lambda_2b24c74d71094a6cd0cb82e44167d71b>@@@?$__crt_seh_guarded_call@X@@QAEX$$QAV<lambda_2866be3712abc81a800a822484c830d8>@@AAV<lambda_39ca0ed439415581b5b15c265174cece>@@$$QAV<lambda_2b24c74d71094a6cd0cb82e44167d71b>@@@Z 0041f080     libucrt:fflush.obj
 0002:000060a0       __sehtable$??$?RV<lambda_2cc53f568c5a2bb6f192f930a45d44ea>@@AAV<lambda_ab61a845afdef5b7c387490eaf3616ee>@@V<lambda_c2ffc0b7726aa6be21d5f0026187e748>@@@?$__crt_seh_guarded_call@X@@QAEX$$QAV<lambda_2cc53f568c5a2bb6f192f930a45d44ea>@@AAV<lambda_ab61a845afdef5b7c387490eaf3616ee>@@$$QAV<lambda_c2ffc0b7726aa6be21d5f0026187e748>@@@Z 0041f0a0     libucrt:fflush.obj
 0002:000060c0       __sehtable$??$?RV<lambda_6d20deecaf4856105ebacbad442d1079>@@AAV<lambda_9a32fed5bf61b6b509b2d3f6003082a1>@@V<lambda_63ea2239ed67c638ddbae41947fdf875>@@@?$__crt_seh_guarded_call@H@@QAEH$$QAV<lambda_6d20deecaf4856105ebacbad442d1079>@@AAV<lambda_9a32fed5bf61b6b509b2d3f6003082a1>@@$$QAV<lambda_63ea2239ed67c638ddbae41947fdf875>@@@Z 0041f0c0     libucrt:fflush.obj
 0002:000060e0       __sehtable$??$?RV<lambda_e5124f882df8998aaf41531e079ba474>@@AAV<lambda_3e16ef9562a7dcce91392c22ab16ea36>@@V<lambda_e25ca0880e6ef98be67edffd8c599615>@@@?$__crt_seh_guarded_call@X@@QAEX$$QAV<lambda_e5124f882df8998aaf41531e079ba474>@@AAV<lambda_3e16ef9562a7dcce91392c22ab16ea36>@@$$QAV<lambda_e25ca0880e6ef98be67edffd8c599615>@@@Z 0041f0e0     libucrt:wsetlocale.obj
 0002:00006100       __sehtable$??$?RV<lambda_8e746cf0007f6ed984d6f78af1fec997>@@AAV<lambda_22ebabd17bc4fa466a2aca6d8deb888d>@@V<lambda_18ed0c0b38a6dc0daf1e7ac6d6adf05e>@@@?$__crt_seh_guarded_call@H@@QAEH$$QAV<lambda_8e746cf0007f6ed984d6f78af1fec997>@@AAV<lambda_22ebabd17bc4fa466a2aca6d8deb888d>@@$$QAV<lambda_18ed0c0b38a6dc0daf1e7ac6d6adf05e>@@@Z 0041f100     libucrt:onexit.obj
 0002:00006120       __sehtable$??$?RV<lambda_69a2805e680e0e292e8ba93315fe43a8>@@AAV<lambda_f03950bc5685219e0bcd2087efbe011e>@@V<lambda_03fcd07e894ec930e3f35da366ca99d6>@@@?$__crt_seh_guarded_call@H@@QAEH$$QAV<lambda_69a2805e680e0e292e8ba93315fe43a8>@@AAV<lambda_f03950bc5685219e0bcd2087efbe011e>@@$$QAV<lambda_03fcd07e894ec930e3f35da366ca99d6>@@@Z 0041f120     libucrt:onexit.obj
 0002:00006140       __sehtable$_terminate      0041f140     libucrt:terminate.obj
 0002:00006160       __sehtable$?__acrt_stdio_allocate_stream@@YA?AV__crt_stdio_stream@@XZ 0041f160     libucrt:stream.obj
 0002:00006180       __sehtable$??$common_lseek@J@@YAJHJH@Z 0041f180     libucrt:lseek.obj
 0002:000061a0       __sehtable$??$common_lseek@_J@@YA_JH_JH@Z 0041f1a0     libucrt:lseek.obj
 0002:000061c0       __sehtable$__read          0041f1c0     libucrt:read.obj
 0002:000061e0       __sehtable$___acrt_initialize_lowio 0041f1e0     libucrt:ioinit.obj
 0002:00006200       __sehtable$??$?RV<lambda_218ce3db14220d0be481dae8ef3383b6>@@AAV<lambda_628dfdc04ba53c8bfc02c9951375f3f5>@@V<lambda_57dc472bd5c9d5f3b2cbca59b8a843ae>@@@?$__crt_seh_guarded_call@H@@QAEH$$QAV<lambda_218ce3db14220d0be481dae8ef3383b6>@@AAV<lambda_628dfdc04ba53c8bfc02c9951375f3f5>@@$$QAV<lambda_57dc472bd5c9d5f3b2cbca59b8a843ae>@@@Z 0041f200     libucrt:close.obj
 0002:00006220       __sehtable$__write         0041f220     libucrt:write.obj
 0002:00006240       __sehtable$??$?RV<lambda_9e9de3de5fa147e2223d7db92bc10aa6>@@AAV<lambda_38ce7e780aa69e748d6df282ebc68efe>@@V<lambda_8ca6da459f0f6780f1cff60fdc3d00e5>@@@?$__crt_seh_guarded_call@H@@QAEH$$QAV<lambda_9e9de3de5fa147e2223d7db92bc10aa6>@@AAV<lambda_38ce7e780aa69e748d6df282ebc68efe>@@$$QAV<lambda_8ca6da459f0f6780f1cff60fdc3d00e5>@@@Z 0041f240     libucrt:commit.obj
 0002:00006260       __sehtable$__fcloseall     0041f260     libucrt:closeall.obj
 0002:00006280       __sehtable$??$?RV<lambda_15ade71b0218206bbe3333a0c9b79046>@@AAV<lambda_da44e0f8b0f19ba52fefafb335991732>@@V<lambda_207f2d024fc103971653565357d6cd41>@@@?$__crt_seh_guarded_call@X@@QAEX$$QAV<lambda_15ade71b0218206bbe3333a0c9b79046>@@AAV<lambda_da44e0f8b0f19ba52fefafb335991732>@@$$QAV<lambda_207f2d024fc103971653565357d6cd41>@@@Z 0041f280     libucrt:per_thread_data.obj
 0002:000062a0       __sehtable$??$?RV<lambda_a7e850c220f1c8d1e6efeecdedd162c6>@@AAV<lambda_46720907175c18b6c9d2717bc0d2d362>@@V<lambda_9048902d66e8d99359bc9897bbb930a8>@@@?$__crt_seh_guarded_call@X@@QAEX$$QAV<lambda_a7e850c220f1c8d1e6efeecdedd162c6>@@AAV<lambda_46720907175c18b6c9d2717bc0d2d362>@@$$QAV<lambda_9048902d66e8d99359bc9897bbb930a8>@@@Z 0041f2a0     libucrt:per_thread_data.obj
 0002:000062c0       __sehtable$??$?RV<lambda_38edbb1296d33220d7e4dd0ed76b244a>@@AAV<lambda_5ce1d447e08cb34b2473517608e21441>@@V<lambda_fb385d3da700c9147fc39e65dd577a8c>@@@?$__crt_seh_guarded_call@X@@QAEX$$QAV<lambda_38edbb1296d33220d7e4dd0ed76b244a>@@AAV<lambda_5ce1d447e08cb34b2473517608e21441>@@$$QAV<lambda_fb385d3da700c9147fc39e65dd577a8c>@@@Z 0041f2c0     libucrt:per_thread_data.obj
 0002:000062e0       __sehtable$??$?RV<lambda_6affb1475c98b40b75cdec977db92e3c>@@AAV<lambda_b8d4b9c228a6ecc3f80208dbb4b4a104>@@V<lambda_608742c3c92a14382c1684fc64f96c88>@@@?$__crt_seh_guarded_call@X@@QAEX$$QAV<lambda_6affb1475c98b40b75cdec977db92e3c>@@AAV<lambda_b8d4b9c228a6ecc3f80208dbb4b4a104>@@$$QAV<lambda_608742c3c92a14382c1684fc64f96c88>@@@Z 0041f2e0     libucrt:per_thread_data.obj
 0002:00006300       __sehtable$?update_thread_multibyte_data_internal@@YAPAU__crt_multibyte_data@@QAU__acrt_ptd@@QAPAU1@@Z 0041f300     libucrt:mbctype.obj
 0002:00006320       __sehtable$??$?RV<lambda_ceb1ee4838e85a9d631eb091e2fbe199>@@AAV<lambda_ae742caa10f662c28703da3d2ea5e57e>@@V<lambda_cd08b5d6af4937fe54fc07d0c9bf6b37>@@@?$__crt_seh_guarded_call@X@@QAEX$$QAV<lambda_ceb1ee4838e85a9d631eb091e2fbe199>@@AAV<lambda_ae742caa10f662c28703da3d2ea5e57e>@@$$QAV<lambda_cd08b5d6af4937fe54fc07d0c9bf6b37>@@@Z 0041f320     libucrt:mbctype.obj
 0002:00006340       __sehtable$__alloc_osfhnd  0041f340     libucrt:osfinfo.obj
 0002:00006360       __sehtable$___acrt_lowio_ensure_fh_exists 0041f360     libucrt:osfinfo.obj
 0002:00006380       __sehtable$___acrt_update_thread_locale_data 0041f380     libucrt:locale_refcounting.obj
 0002:000063a0       __sehtable$__query_new_handler 0041f3a0     libucrt:new_handler.obj
 0002:000063c0       __sehtable$_raise          0041f3c0     libucrt:signal.obj
 0002:000063e0       __sehtable$??$?RV<lambda_cbab9ec6f41b0180b23cc171c22676b0>@@AAV<lambda_44731a7d0e6d81c3e6aa82d741081786>@@V<lambda_4b292cb8dd18144e164572427af410ab>@@@?$__crt_seh_guarded_call@P6AXH@Z@@QAEP6AXH@Z$$QAV<lambda_cbab9ec6f41b0180b23cc171c22676b0>@@AAV<lambda_44731a7d0e6d81c3e6aa82d741081786>@@$$QAV<lambda_4b292cb8dd18144e164572427af410ab>@@@Z 0041f3e0     libucrt:signal.obj
 0002:00006400       __sehtable$??$common_sopen_dispatch@D@@YAHQBDHHHQAHH@Z 0041f400     libucrt:open.obj
 0002:00006420       __sehtable$___set_fpsr_sse2 0041f420     libucrt:fpctrl.obj
 0002:00006440       __sehtable$__IsNonwritableInCurrentImage 0041f440     LIBCMT:pesect.obj
 0002:000066ca       .idata$6                   0041f6ca     kernel32:KERNEL32.dll
 0003:00001710       ?__vcrt_flsindex@@3KA      00421710     libvcruntime:per_thread_data.obj
 0003:000017d8       ?errno_no_memory@@3HA      004217d8     libucrt:errno.obj
 0003:000017dc       ?doserrno_no_memory@@3KA   004217dc     libucrt:errno.obj
 0003:00001928       ?__acrt_flsindex@@3KA      00421928     libucrt:per_thread_data.obj
 0003:00001b50       __mbctypes                 00421b50     libucrt:mbctype.obj
 0003:00001c58       __mbcasemaps               00421c58     libucrt:mbctype.obj
 0003:00001d58       ?__rgctypeflag@@3PADA      00421d58     libucrt:mbctype.obj
 0003:00001d60       ?__rgcode_page_info@@3PAUcode_page_info@@A 00421d60     libucrt:mbctype.obj
 0003:00001f80       ?__DAZ_ENABLED@?1??__set_fpsr_sse2@@9@9 00421f80     libucrt:fpctrl.obj
 0003:00001f90       ?__dcrt_lowio_console_output_handle@@3PAXA 00421f90     libucrt:initcon.obj
 0003:00001fb8       ?is_initialized_as_dll@@3_NA 00421fb8     LIBCMT:utility.obj
 0003:00001fb9       ?module_local_atexit_table_initialized@@3_NA 00421fb9     LIBCMT:utility.obj
 0003:00001fbc       ?module_local_atexit_table@@3U_onexit_table_t@@A 00421fbc     LIBCMT:utility.obj
 0003:00001fc8       ?module_local_at_quick_exit_table@@3U_onexit_table_t@@A 00421fc8     LIBCMT:utility.obj
 0003:00002000       _GS_ExceptionRecord        00422000     LIBCMT:gs_report.obj
 0003:00002050       _GS_ContextRecord          00422050     LIBCMT:gs_report.obj
 0003:00002320       ?__vcrt_startup_thread_ptd@@3U__vcrt_ptd@@A 00422320     libvcruntime:per_thread_data.obj
 0003:00002348       ___vcrt_lock_table         00422348     libvcruntime:locks.obj
 0003:00002360       ___vcrt_locks_initialized  00422360     libvcruntime:locks.obj
 0003:0000238c       ?heap@@3V_HeapManager@@A   0042238c     libvcruntime:undname.obj
 0003:000023a0       ?module_handles@@3PAPAUHINSTANCE__@@A 004223a0     libvcruntime:winapi_downlevel.obj
 0003:000023ac       ?function_pointers@@3PAPAXA 004223ac     libvcruntime:winapi_downlevel.obj
 0003:000023c4       ?c_termination_complete@@3JA 004223c4     libucrt:exit.obj
 0003:000023c8       ?thread_local_exit_callback_func@@3P6GXPAXK0@ZA 004223c8     libucrt:exit.obj
 0003:000023dc       ?__acrt_app_type@@3W4_crt_app_type@@A 004223dc     libucrt:report_runtime_error.obj
 0003:000023e0       ?user_matherr@@3V?$dual_state_global@P6AHPAU_exception@@@Z@__crt_state_management@@A 004223e0     libucrt:matherr.obj
 0003:000023e8       ?program_name@?1???$common_configure_argv@D@@YAHW4_crt_argv_mode@@@Z@4PADA 004223e8     libucrt:argv_parsing.obj
 0003:0000251c       ?__acrt_global_new_mode@@3V?$dual_state_global@J@__crt_state_management@@A 0042251c     libucrt:new_mode.obj
 0003:00002540       ?__acrt_lock_table@@3PAU_RTL_CRITICAL_SECTION@@A 00422540     libucrt:locks.obj
 0003:00002690       ?__acrt_locks_initialized@@3IA 00422690     libucrt:locks.obj
 0003:00002694       ?__acrt_invalid_parameter_handler@@3V?$dual_state_global@P6AXPB_W00II@Z@__crt_state_management@@A 00422694     libucrt:invalid_parameter.obj
 0003:000028a8       ?module_handles@@3PAPAUHINSTANCE__@@A 004228a8     libucrt:winapi_thunks.obj
 0003:000028f8       ?encoded_function_pointers@@3PAPAXA 004228f8     libucrt:winapi_thunks.obj
 0003:0000298c       ?fSystemSet@@3HA           0042298c     libucrt:mbctype.obj
 0003:00002990       ?initialized@?1??__acrt_initialize_multibyte@@9@4_NA 00422990     libucrt:mbctype.obj
 0003:000029a8       ?__acrt_new_handler@@3V?$dual_state_global@P6AHI@Z@__crt_state_management@@A 004229a8     libucrt:new_handler.obj
 0003:000029ac       ?ctrlc_action@@3V?$dual_state_global@P6AXH@Z@__crt_state_management@@A 004229ac     libucrt:signal.obj
 0003:000029b0       ?ctrlbreak_action@@3V?$dual_state_global@P6AXH@Z@__crt_state_management@@A 004229b0     libucrt:signal.obj
 0003:000029b4       ?abort_action@@3V?$dual_state_global@P6AXH@Z@__crt_state_management@@A 004229b4     libucrt:signal.obj
 0003:000029b8       ?term_action@@3V?$dual_state_global@P6AXH@Z@__crt_state_management@@A 004229b8     libucrt:signal.obj
 0003:000029bc       ?internal_state@?1??_mbtowc_l@@9@4U_Mbstatet@@A 004229bc     libucrt:mbtowc.obj
 0003:000029c8       ?internal_pst@?1??__mbrtoc32_utf8@__crt_mbstring@@YAIPA_UPBDIPAU_Mbstatet@@@Z@4U3@A 004229c8     libucrt:mbrtoc32.obj
 0003:000029d4       __pmatherr_set             004229d4     libucrt:libm_error.obj

 Exports

  ordinal    name

